Archive member included to satisfy reference by file (symbol)

f:/uni/gcc_arn_none_eabi_10_3_2021_10/bin/../lib/gcc/arm-none-eabi/10.3.1\libgcc.a(_aeabi_ldivmod.o)
                              build/stm/src/controller.o (__aeabi_ldivmod)
f:/uni/gcc_arn_none_eabi_10_3_2021_10/bin/../lib/gcc/arm-none-eabi/10.3.1\libgcc.a(_udivmoddi4.o)
                              f:/uni/gcc_arn_none_eabi_10_3_2021_10/bin/../lib/gcc/arm-none-eabi/10.3.1\libgcc.a(_aeabi_ldivmod.o) (__udivmoddi4)
f:/uni/gcc_arn_none_eabi_10_3_2021_10/bin/../lib/gcc/arm-none-eabi/10.3.1\libgcc.a(_dvmd_tls.o)
                              f:/uni/gcc_arn_none_eabi_10_3_2021_10/bin/../lib/gcc/arm-none-eabi/10.3.1\libgcc.a(_aeabi_ldivmod.o) (__aeabi_ldiv0)
f:/uni/gcc_arn_none_eabi_10_3_2021_10/bin/../lib/gcc/arm-none-eabi/10.3.1\libgcc.a(_clzdi2.o)
                              f:/uni/gcc_arn_none_eabi_10_3_2021_10/bin/../lib/gcc/arm-none-eabi/10.3.1\libgcc.a(_udivmoddi4.o) (__clzdi2)
f:/uni/gcc_arn_none_eabi_10_3_2021_10/bin/../lib/gcc/arm-none-eabi/10.3.1\libgcc.a(_clzsi2.o)
                              f:/uni/gcc_arn_none_eabi_10_3_2021_10/bin/../lib/gcc/arm-none-eabi/10.3.1\libgcc.a(_clzdi2.o) (__clzsi2)
f:/uni/gcc_arn_none_eabi_10_3_2021_10/bin/../lib/gcc/arm-none-eabi/10.3.1/../../../../arm-none-eabi/lib\libc.a(lib_a-exit.o)
                              f:/uni/gcc_arn_none_eabi_10_3_2021_10/bin/../lib/gcc/arm-none-eabi/10.3.1/../../../../arm-none-eabi/lib/crt0.o (exit)
f:/uni/gcc_arn_none_eabi_10_3_2021_10/bin/../lib/gcc/arm-none-eabi/10.3.1/../../../../arm-none-eabi/lib\libc.a(lib_a-impure.o)
                              f:/uni/gcc_arn_none_eabi_10_3_2021_10/bin/../lib/gcc/arm-none-eabi/10.3.1/../../../../arm-none-eabi/lib\libc.a(lib_a-exit.o) (_global_impure_ptr)
f:/uni/gcc_arn_none_eabi_10_3_2021_10/bin/../lib/gcc/arm-none-eabi/10.3.1/../../../../arm-none-eabi/lib\libc.a(lib_a-init.o)
                              f:/uni/gcc_arn_none_eabi_10_3_2021_10/bin/../lib/gcc/arm-none-eabi/10.3.1/../../../../arm-none-eabi/lib/crt0.o (__libc_init_array)
f:/uni/gcc_arn_none_eabi_10_3_2021_10/bin/../lib/gcc/arm-none-eabi/10.3.1/../../../../arm-none-eabi/lib\libc.a(lib_a-memset.o)
                              f:/uni/gcc_arn_none_eabi_10_3_2021_10/bin/../lib/gcc/arm-none-eabi/10.3.1/../../../../arm-none-eabi/lib/crt0.o (memset)
f:/uni/gcc_arn_none_eabi_10_3_2021_10/bin/../lib/gcc/arm-none-eabi/10.3.1/../../../../arm-none-eabi/lib\libc.a(lib_a-__call_atexit.o)
                              f:/uni/gcc_arn_none_eabi_10_3_2021_10/bin/../lib/gcc/arm-none-eabi/10.3.1/../../../../arm-none-eabi/lib\libc.a(lib_a-exit.o) (__call_exitprocs)
f:/uni/gcc_arn_none_eabi_10_3_2021_10/bin/../lib/gcc/arm-none-eabi/10.3.1/../../../../arm-none-eabi/lib\libc.a(lib_a-atexit.o)
                              f:/uni/gcc_arn_none_eabi_10_3_2021_10/bin/../lib/gcc/arm-none-eabi/10.3.1/../../../../arm-none-eabi/lib\libc.a(lib_a-__call_atexit.o) (atexit)
f:/uni/gcc_arn_none_eabi_10_3_2021_10/bin/../lib/gcc/arm-none-eabi/10.3.1/../../../../arm-none-eabi/lib\libc.a(lib_a-fini.o)
                              f:/uni/gcc_arn_none_eabi_10_3_2021_10/bin/../lib/gcc/arm-none-eabi/10.3.1/../../../../arm-none-eabi/lib\libc.a(lib_a-__call_atexit.o) (__libc_fini_array)
f:/uni/gcc_arn_none_eabi_10_3_2021_10/bin/../lib/gcc/arm-none-eabi/10.3.1/../../../../arm-none-eabi/lib\libc.a(lib_a-lock.o)
                              f:/uni/gcc_arn_none_eabi_10_3_2021_10/bin/../lib/gcc/arm-none-eabi/10.3.1/../../../../arm-none-eabi/lib\libc.a(lib_a-__call_atexit.o) (__retarget_lock_acquire_recursive)
f:/uni/gcc_arn_none_eabi_10_3_2021_10/bin/../lib/gcc/arm-none-eabi/10.3.1/../../../../arm-none-eabi/lib\libc.a(lib_a-__atexit.o)
                              f:/uni/gcc_arn_none_eabi_10_3_2021_10/bin/../lib/gcc/arm-none-eabi/10.3.1/../../../../arm-none-eabi/lib\libc.a(lib_a-atexit.o) (__register_exitproc)

Discarded input sections

 .text          0x00000000        0x0 f:/uni/gcc_arn_none_eabi_10_3_2021_10/bin/../lib/gcc/arm-none-eabi/10.3.1/crti.o
 .data          0x00000000        0x0 f:/uni/gcc_arn_none_eabi_10_3_2021_10/bin/../lib/gcc/arm-none-eabi/10.3.1/crti.o
 .bss           0x00000000        0x0 f:/uni/gcc_arn_none_eabi_10_3_2021_10/bin/../lib/gcc/arm-none-eabi/10.3.1/crti.o
 .data          0x00000000        0x4 f:/uni/gcc_arn_none_eabi_10_3_2021_10/bin/../lib/gcc/arm-none-eabi/10.3.1/crtbegin.o
 .rodata        0x00000000       0x24 f:/uni/gcc_arn_none_eabi_10_3_2021_10/bin/../lib/gcc/arm-none-eabi/10.3.1/crtbegin.o
 .text          0x00000000      0x138 f:/uni/gcc_arn_none_eabi_10_3_2021_10/bin/../lib/gcc/arm-none-eabi/10.3.1/../../../../arm-none-eabi/lib/crt0.o
 .data          0x00000000        0x0 f:/uni/gcc_arn_none_eabi_10_3_2021_10/bin/../lib/gcc/arm-none-eabi/10.3.1/../../../../arm-none-eabi/lib/crt0.o
 .bss           0x00000000        0x0 f:/uni/gcc_arn_none_eabi_10_3_2021_10/bin/../lib/gcc/arm-none-eabi/10.3.1/../../../../arm-none-eabi/lib/crt0.o
[...]
Memory Configuration

Name             Origin             Length             Attributes
RAM              0x20000000         0x00005000         xrw
FLASH            0x08000000         0x00020000         xr
*default*        0x00000000         0xffffffff

Linker script and memory map

LOAD f:/uni/gcc_arn_none_eabi_10_3_2021_10/bin/../lib/gcc/arm-none-eabi/10.3.1/crti.o
LOAD f:/uni/gcc_arn_none_eabi_10_3_2021_10/bin/../lib/gcc/arm-none-eabi/10.3.1/crtbegin.o
LOAD f:/uni/gcc_arn_none_eabi_10_3_2021_10/bin/../lib/gcc/arm-none-eabi/10.3.1/../../../../arm-none-eabi/lib/crt0.o
LOAD build/stm/src/hal_stm32/stm32_init.o
LOAD build/stm/src/hal_stm32/stm32_gpio.o
LOAD build/stm/src/hal_stm32/system_stm32f1xx.o
LOAD build/stm/src/hal_stm32/stm32_hal.o
LOAD build/stm/src/hal_stm32/stm32_pwm.o
LOAD build/stm/src/hal_stm32/stm32_uart.o
LOAD build/stm/src/hal_stm32/stm32_adc.o
LOAD build/stm/src/hal_stm32/stm32_syscalls.o
LOAD build/stm/src/hal_stm32/stm32f1xx_hal_msp.o
LOAD build/stm/src/hal_stm32/stm32f1xx_it.o
LOAD build/stm/src/hal_stm32/STM32F1xx_HAL_Driver/Src/stm32f1xx_hal.o
LOAD build/stm/src/hal_stm32/STM32F1xx_HAL_Driver/Src/stm32f1xx_hal_gpio.o
LOAD build/stm/src/hal_stm32/STM32F1xx_HAL_Driver/Src/stm32f1xx_hal_tim.o
LOAD build/stm/src/hal_stm32/STM32F1xx_HAL_Driver/Src/stm32f1xx_hal_rcc.o
LOAD build/stm/src/hal_stm32/STM32F1xx_HAL_Driver/Src/stm32f1xx_hal_cortex.o
LOAD build/stm/src/hal_stm32/STM32F1xx_HAL_Driver/Src/stm32f1xx_hal_adc.o
LOAD build/stm/src/hal_stm32/STM32F1xx_HAL_Driver/Src/stm32f1xx_hal_uart.o
LOAD build/stm/src/hal_stm32/STM32F1xx_HAL_Driver/Src/stm32f1xx_hal_tim_ex.o
LOAD build/stm/src/hal_stm32/STM32F1xx_HAL_Driver/Src/stm32f1xx_hal_dma.o
LOAD build/stm/src/hal_stm32/STM32F1xx_HAL_Driver/Src/stm32f1xx_hal_adc_ex.o
LOAD build/stm/src/hal_stm32/STM32F1xx_HAL_Driver/Src/stm32f1xx_hal_rcc_ex.o
LOAD build/stm/src/common/global.o
LOAD build/stm/src/controller.o
LOAD build/stm/src/system.o
LOAD build/stm/src/bsw/current.o
LOAD build/stm/src/bsw/diag.o
LOAD build/stm/src/bsw/encoder.o
LOAD build/stm/src/main.o
LOAD build/stm/src/bsw/ringbuffer.o
START GROUP
LOAD f:/uni/gcc_arn_none_eabi_10_3_2021_10/bin/../lib/gcc/arm-none-eabi/10.3.1\libgcc.a
LOAD f:/uni/gcc_arn_none_eabi_10_3_2021_10/bin/../lib/gcc/arm-none-eabi/10.3.1/../../../../arm-none-eabi/lib\libc.a
END GROUP
LOAD f:/uni/gcc_arn_none_eabi_10_3_2021_10/bin/../lib/gcc/arm-none-eabi/10.3.1/crtend.o
LOAD f:/uni/gcc_arn_none_eabi_10_3_2021_10/bin/../lib/gcc/arm-none-eabi/10.3.1/crtn.o
                0x20005000                _estack = (ORIGIN (RAM) + LENGTH (RAM))
                0x00000200                _Min_Heap_Size = 0x200
                0x00000400                _Min_Stack_Size = 0x400

.isr_vector     0x08000000        0x0
                0x08000000                . = ALIGN (0x4)
 *(.isr_vector)
                0x08000000                . = ALIGN (0x4)

.text           0x08000000      0x1f0
                0x08000000                . = ALIGN (0x4)
 *(.text)
 .text          0x08000000       0x70 f:/uni/gcc_arn_none_eabi_10_3_2021_10/bin/../lib/gcc/arm-none-eabi/10.3.1/crtbegin.o
 *(.text*)
 .text.startup.register_fini
                0x08000070       0x28 f:/uni/gcc_arn_none_eabi_10_3_2021_10/bin/../lib/gcc/arm-none-eabi/10.3.1/../../../../arm-none-eabi/lib\libc.a(lib_a-__call_atexit.o)
 .text.atexit   0x08000098       0x20 f:/uni/gcc_arn_none_eabi_10_3_2021_10/bin/../lib/gcc/arm-none-eabi/10.3.1/../../../../arm-none-eabi/lib\libc.a(lib_a-atexit.o)
                0x08000098                atexit
 .text.__libc_fini_array
                0x080000b8       0x44 f:/uni/gcc_arn_none_eabi_10_3_2021_10/bin/../lib/gcc/arm-none-eabi/10.3.1/../../../../arm-none-eabi/lib\libc.a(lib_a-fini.o)
                0x080000b8                __libc_fini_array
 .text.__retarget_lock_acquire_recursive
                0x080000fc        0x4 f:/uni/gcc_arn_none_eabi_10_3_2021_10/bin/../lib/gcc/arm-none-eabi/10.3.1/../../../../arm-none-eabi/lib\libc.a(lib_a-lock.o)
                0x080000fc                __retarget_lock_acquire_recursive
 .text.__retarget_lock_release_recursive
                0x08000100        0x4 f:/uni/gcc_arn_none_eabi_10_3_2021_10/bin/../lib/gcc/arm-none-eabi/10.3.1/../../../../arm-none-eabi/lib\libc.a(lib_a-lock.o)
                0x08000100                __retarget_lock_release_recursive
 .text.__register_exitproc
                0x08000104       0xbc f:/uni/gcc_arn_none_eabi_10_3_2021_10/bin/../lib/gcc/arm-none-eabi/10.3.1/../../../../arm-none-eabi/lib\libc.a(lib_a-__atexit.o)
                0x08000104                __register_exitproc
 *(.glue_7)
 .glue_7        0x080001c0        0x0 linker stubs
 *(.glue_7t)
 .glue_7t       0x080001c0        0x0 linker stubs
 *(.eh_frame)
 .eh_frame      0x080001c0        0x0 f:/uni/gcc_arn_none_eabi_10_3_2021_10/bin/../lib/gcc/arm-none-eabi/10.3.1/crtbegin.o
 *(.init)
 .init          0x080001c0        0xc f:/uni/gcc_arn_none_eabi_10_3_2021_10/bin/../lib/gcc/arm-none-eabi/10.3.1/crti.o
                0x080001c0                _init
 .init          0x080001cc        0xc f:/uni/gcc_arn_none_eabi_10_3_2021_10/bin/../lib/gcc/arm-none-eabi/10.3.1/crtn.o
 *(.fini)
 .fini          0x080001d8        0xc f:/uni/gcc_arn_none_eabi_10_3_2021_10/bin/../lib/gcc/arm-none-eabi/10.3.1/crti.o
                0x080001d8                _fini
 .fini          0x080001e4        0xc f:/uni/gcc_arn_none_eabi_10_3_2021_10/bin/../lib/gcc/arm-none-eabi/10.3.1/crtn.o
                0x080001f0                . = ALIGN (0x4)
                0x080001f0                _etext = .

.vfp11_veneer   0x080001f0        0x0
 .vfp11_veneer  0x080001f0        0x0 linker stubs

.v4_bx          0x080001f0        0x0
 .v4_bx         0x080001f0        0x0 linker stubs

.iplt           0x080001f0        0x0
 .iplt          0x080001f0        0x0 f:/uni/gcc_arn_none_eabi_10_3_2021_10/bin/../lib/gcc/arm-none-eabi/10.3.1/crtbegin.o

.rodata         0x080001f0        0x4
                0x080001f0                . = ALIGN (0x4)
 *(.rodata)
 *(.rodata*)
 .rodata._global_impure_ptr
                0x080001f0        0x4 f:/uni/gcc_arn_none_eabi_10_3_2021_10/bin/../lib/gcc/arm-none-eabi/10.3.1/../../../../arm-none-eabi/lib\libc.a(lib_a-impure.o)
                0x080001f0                _global_impure_ptr
                0x080001f4                . = ALIGN (0x4)

.rel.dyn        0x080001f4        0x0
 .rel.iplt      0x080001f4        0x0 f:/uni/gcc_arn_none_eabi_10_3_2021_10/bin/../lib/gcc/arm-none-eabi/10.3.1/crtbegin.o

.ARM.extab      0x080001f4        0x0
                0x080001f4                . = ALIGN (0x4)
 *(.ARM.extab* .gnu.linkonce.armextab.*)
                0x080001f4                . = ALIGN (0x4)

.ARM            0x080001f4        0x0
                0x080001f4                . = ALIGN (0x4)
                0x080001f4                __exidx_start = .
 *(.ARM.exidx*)
                0x080001f4                __exidx_end = .
                0x080001f4                . = ALIGN (0x4)

.preinit_array  0x080001f4        0x0
                0x080001f4                . = ALIGN (0x4)
                0x080001f4                PROVIDE (__preinit_array_start = .)
 *(.preinit_array*)
                0x080001f4                PROVIDE (__preinit_array_end = .)
                0x080001f4                . = ALIGN (0x4)

.init_array     0x080001f4        0x8
                0x080001f4                . = ALIGN (0x4)
                0x080001f4                PROVIDE (__init_array_start = .)
 *(SORT_BY_NAME(.init_array.*))
 .init_array.00000
                0x080001f4        0x4 f:/uni/gcc_arn_none_eabi_10_3_2021_10/bin/../lib/gcc/arm-none-eabi/10.3.1/../../../../arm-none-eabi/lib\libc.a(lib_a-__call_atexit.o)
 *(.init_array*)
 .init_array    0x080001f8        0x4 f:/uni/gcc_arn_none_eabi_10_3_2021_10/bin/../lib/gcc/arm-none-eabi/10.3.1/crtbegin.o
                0x080001fc                PROVIDE (__init_array_end = .)
                0x080001fc                . = ALIGN (0x4)

.fini_array     0x080001fc        0x4
                0x080001fc                . = ALIGN (0x4)
                0x080001fc                PROVIDE (__fini_array_start = .)
 *(SORT_BY_NAME(.fini_array.*))
 *(.fini_array*)
 .fini_array    0x080001fc        0x4 f:/uni/gcc_arn_none_eabi_10_3_2021_10/bin/../lib/gcc/arm-none-eabi/10.3.1/crtbegin.o
                0x08000200                PROVIDE (__fini_array_end = .)
                0x08000200                . = ALIGN (0x4)
                0x08000200                _sidata = LOADADDR (.data)

.data           0x20000000      0x42c load address 0x08000200
                0x20000000                . = ALIGN (0x4)
                0x20000000                _sdata = .
 *(.data)
 *(.data*)
 .data.impure_data
                0x20000000      0x428 f:/uni/gcc_arn_none_eabi_10_3_2021_10/bin/../lib/gcc/arm-none-eabi/10.3.1/../../../../arm-none-eabi/lib\libc.a(lib_a-impure.o)
 .data.__atexit_recursive_mutex
                0x20000428        0x4 f:/uni/gcc_arn_none_eabi_10_3_2021_10/bin/../lib/gcc/arm-none-eabi/10.3.1/../../../../arm-none-eabi/lib\libc.a(lib_a-__call_atexit.o)
                0x20000428                __atexit_recursive_mutex
 *(.RamFunc)
 *(.RamFunc*)
                0x2000042c                . = ALIGN (0x4)
                0x2000042c                _edata = .

.igot.plt       0x2000042c        0x0 load address 0x0800062c
 .igot.plt      0x2000042c        0x0 f:/uni/gcc_arn_none_eabi_10_3_2021_10/bin/../lib/gcc/arm-none-eabi/10.3.1/crtbegin.o
                0x2000042c                . = ALIGN (0x4)

.bss            0x2000042c       0x20 load address 0x0800062c
                0x2000042c                _sbss = .
                0x2000042c                __bss_start__ = _sbss
 *(.bss)
 .bss           0x2000042c       0x1c f:/uni/gcc_arn_none_eabi_10_3_2021_10/bin/../lib/gcc/arm-none-eabi/10.3.1/crtbegin.o
 *(.bss*)
 .bss.__lock___atexit_recursive_mutex
                0x20000448        0x1 f:/uni/gcc_arn_none_eabi_10_3_2021_10/bin/../lib/gcc/arm-none-eabi/10.3.1/../../../../arm-none-eabi/lib\libc.a(lib_a-lock.o)
                0x20000448                __lock___atexit_recursive_mutex
 *(COMMON)
                0x2000044c                . = ALIGN (0x4)
 *fill*         0x20000449        0x3 
                0x2000044c                _ebss = .
                0x2000044c                __bss_end__ = _ebss

._user_heap_stack
                0x2000044c      0x604 load address 0x0800062c
                0x20000450                . = ALIGN (0x8)
 *fill*         0x2000044c        0x4 
                [!provide]                PROVIDE (end = .)
                0x20000450                PROVIDE (_end = .)
                0x20000650                . = (. + _Min_Heap_Size)
 *fill*         0x20000450      0x200 
                0x20000a50                . = (. + _Min_Stack_Size)
 *fill*         0x20000650      0x400 
                0x20000a50                . = ALIGN (0x8)

/DISCARD/
 libc.a(*)
 libm.a(*)
 libgcc.a(*)

.ARM.attributes
                0x00000000       0x2b
 *(.ARM.attributes)
 .ARM.attributes
                0x00000000       0x1c f:/uni/gcc_arn_none_eabi_10_3_2021_10/bin/../lib/gcc/arm-none-eabi/10.3.1/crti.o
 .ARM.attributes
                0x0000001c       0x2a f:/uni/gcc_arn_none_eabi_10_3_2021_10/bin/../lib/gcc/arm-none-eabi/10.3.1/crtbegin.o
 .ARM.attributes
                0x00000046       0x2a f:/uni/gcc_arn_none_eabi_10_3_2021_10/bin/../lib/gcc/arm-none-eabi/10.3.1/../../../../arm-none-eabi/lib\libc.a(lib_a-impure.o)
 .ARM.attributes
                0x00000070       0x2a f:/uni/gcc_arn_none_eabi_10_3_2021_10/bin/../lib/gcc/arm-none-eabi/10.3.1/../../../../arm-none-eabi/lib\libc.a(lib_a-__call_atexit.o)
 .ARM.attributes
                0x0000009a       0x2a f:/uni/gcc_arn_none_eabi_10_3_2021_10/bin/../lib/gcc/arm-none-eabi/10.3.1/../../../../arm-none-eabi/lib\libc.a(lib_a-atexit.o)
 .ARM.attributes
                0x000000c4       0x2a f:/uni/gcc_arn_none_eabi_10_3_2021_10/bin/../lib/gcc/arm-none-eabi/10.3.1/../../../../arm-none-eabi/lib\libc.a(lib_a-fini.o)
 .ARM.attributes
                0x000000ee       0x2a f:/uni/gcc_arn_none_eabi_10_3_2021_10/bin/../lib/gcc/arm-none-eabi/10.3.1/../../../../arm-none-eabi/lib\libc.a(lib_a-lock.o)
 .ARM.attributes
                0x00000118       0x2a f:/uni/gcc_arn_none_eabi_10_3_2021_10/bin/../lib/gcc/arm-none-eabi/10.3.1/../../../../arm-none-eabi/lib\libc.a(lib_a-__atexit.o)
 .ARM.attributes
                0x00000142       0x1c f:/uni/gcc_arn_none_eabi_10_3_2021_10/bin/../lib/gcc/arm-none-eabi/10.3.1/crtn.o
OUTPUT(build/stm/main_stm32.elf elf32-littlearm)
LOAD linker stubs
LOAD f:/uni/gcc_arn_none_eabi_10_3_2021_10/bin/../lib/gcc/arm-none-eabi/10.3.1/../../../../arm-none-eabi/lib\libc.a
LOAD f:/uni/gcc_arn_none_eabi_10_3_2021_10/bin/../lib/gcc/arm-none-eabi/10.3.1/../../../../arm-none-eabi/lib\libm.a
LOAD f:/uni/gcc_arn_none_eabi_10_3_2021_10/bin/../lib/gcc/arm-none-eabi/10.3.1\libgcc.a

.debug_frame    0x00000000      0x1b4
 .debug_frame   0x00000000       0x68 f:/uni/gcc_arn_none_eabi_10_3_2021_10/bin/../lib/gcc/arm-none-eabi/10.3.1/../../../../arm-none-eabi/lib\libc.a(lib_a-__call_atexit.o)
 .debug_frame   0x00000068       0x2c f:/uni/gcc_arn_none_eabi_10_3_2021_10/bin/../lib/gcc/arm-none-eabi/10.3.1/../../../../arm-none-eabi/lib\libc.a(lib_a-atexit.o)
 .debug_frame   0x00000094       0x34 f:/uni/gcc_arn_none_eabi_10_3_2021_10/bin/../lib/gcc/arm-none-eabi/10.3.1/../../../../arm-none-eabi/lib\libc.a(lib_a-fini.o)
 .debug_frame   0x000000c8       0xb0 f:/uni/gcc_arn_none_eabi_10_3_2021_10/bin/../lib/gcc/arm-none-eabi/10.3.1/../../../../arm-none-eabi/lib\libc.a(lib_a-lock.o)
 .debug_frame   0x00000178       0x3c f:/uni/gcc_arn_none_eabi_10_3_2021_10/bin/../lib/gcc/arm-none-eabi/10.3.1/../../../../arm-none-eabi/lib\libc.a(lib_a-__atexit.o)
