Archive member included to satisfy reference by file (symbol)

f:/uni/gcc_arn_none_eabi_10_3_2021_10/bin/../lib/gcc/arm-none-eabi/10.3.1/thumb/v7-m/nofp\libgcc.a(_aeabi_ldivmod.o)
                              C:\Users\velin\AppData\Local\Temp\ccBTThRl.o (__aeabi_ldivmod)
f:/uni/gcc_arn_none_eabi_10_3_2021_10/bin/../lib/gcc/arm-none-eabi/10.3.1/thumb/v7-m/nofp\libgcc.a(_udivmoddi4.o)
                              f:/uni/gcc_arn_none_eabi_10_3_2021_10/bin/../lib/gcc/arm-none-eabi/10.3.1/thumb/v7-m/nofp\libgcc.a(_aeabi_ldivmod.o) (__udivmoddi4)
f:/uni/gcc_arn_none_eabi_10_3_2021_10/bin/../lib/gcc/arm-none-eabi/10.3.1/thumb/v7-m/nofp\libgcc.a(_dvmd_tls.o)
                              f:/uni/gcc_arn_none_eabi_10_3_2021_10/bin/../lib/gcc/arm-none-eabi/10.3.1/thumb/v7-m/nofp\libgcc.a(_aeabi_ldivmod.o) (__aeabi_ldiv0)
f:/uni/gcc_arn_none_eabi_10_3_2021_10/bin/../lib/gcc/arm-none-eabi/10.3.1/../../../../arm-none-eabi/lib/thumb/v7-m/nofp\libg.a(lib_a-exit.o)
                              f:/uni/gcc_arn_none_eabi_10_3_2021_10/bin/../lib/gcc/arm-none-eabi/10.3.1/../../../../arm-none-eabi/lib/thumb/v7-m/nofp/crt0.o (exit)
f:/uni/gcc_arn_none_eabi_10_3_2021_10/bin/../lib/gcc/arm-none-eabi/10.3.1/../../../../arm-none-eabi/lib/thumb/v7-m/nofp\libg.a(lib_a-impure.o)
                              f:/uni/gcc_arn_none_eabi_10_3_2021_10/bin/../lib/gcc/arm-none-eabi/10.3.1/../../../../arm-none-eabi/lib/thumb/v7-m/nofp\libg.a(lib_a-exit.o) (_global_impure_ptr)
f:/uni/gcc_arn_none_eabi_10_3_2021_10/bin/../lib/gcc/arm-none-eabi/10.3.1/../../../../arm-none-eabi/lib/thumb/v7-m/nofp\libg.a(lib_a-init.o)
                              f:/uni/gcc_arn_none_eabi_10_3_2021_10/bin/../lib/gcc/arm-none-eabi/10.3.1/../../../../arm-none-eabi/lib/thumb/v7-m/nofp/crt0.o (__libc_init_array)
f:/uni/gcc_arn_none_eabi_10_3_2021_10/bin/../lib/gcc/arm-none-eabi/10.3.1/../../../../arm-none-eabi/lib/thumb/v7-m/nofp\libg.a(lib_a-memset.o)
                              f:/uni/gcc_arn_none_eabi_10_3_2021_10/bin/../lib/gcc/arm-none-eabi/10.3.1/../../../../arm-none-eabi/lib/thumb/v7-m/nofp/crt0.o (memset)
f:/uni/gcc_arn_none_eabi_10_3_2021_10/bin/../lib/gcc/arm-none-eabi/10.3.1/../../../../arm-none-eabi/lib/thumb/v7-m/nofp\libg.a(lib_a-__call_atexit.o)
                              f:/uni/gcc_arn_none_eabi_10_3_2021_10/bin/../lib/gcc/arm-none-eabi/10.3.1/../../../../arm-none-eabi/lib/thumb/v7-m/nofp\libg.a(lib_a-exit.o) (__call_exitprocs)
f:/uni/gcc_arn_none_eabi_10_3_2021_10/bin/../lib/gcc/arm-none-eabi/10.3.1/../../../../arm-none-eabi/lib/thumb/v7-m/nofp\libg.a(lib_a-atexit.o)
                              f:/uni/gcc_arn_none_eabi_10_3_2021_10/bin/../lib/gcc/arm-none-eabi/10.3.1/../../../../arm-none-eabi/lib/thumb/v7-m/nofp\libg.a(lib_a-__call_atexit.o) (atexit)
f:/uni/gcc_arn_none_eabi_10_3_2021_10/bin/../lib/gcc/arm-none-eabi/10.3.1/../../../../arm-none-eabi/lib/thumb/v7-m/nofp\libg.a(lib_a-fini.o)
                              f:/uni/gcc_arn_none_eabi_10_3_2021_10/bin/../lib/gcc/arm-none-eabi/10.3.1/../../../../arm-none-eabi/lib/thumb/v7-m/nofp\libg.a(lib_a-__call_atexit.o) (__libc_fini_array)
f:/uni/gcc_arn_none_eabi_10_3_2021_10/bin/../lib/gcc/arm-none-eabi/10.3.1/../../../../arm-none-eabi/lib/thumb/v7-m/nofp\libg.a(lib_a-lock.o)
                              f:/uni/gcc_arn_none_eabi_10_3_2021_10/bin/../lib/gcc/arm-none-eabi/10.3.1/../../../../arm-none-eabi/lib/thumb/v7-m/nofp\libg.a(lib_a-__call_atexit.o) (__retarget_lock_acquire_recursive)
f:/uni/gcc_arn_none_eabi_10_3_2021_10/bin/../lib/gcc/arm-none-eabi/10.3.1/../../../../arm-none-eabi/lib/thumb/v7-m/nofp\libg.a(lib_a-__atexit.o)
                              f:/uni/gcc_arn_none_eabi_10_3_2021_10/bin/../lib/gcc/arm-none-eabi/10.3.1/../../../../arm-none-eabi/lib/thumb/v7-m/nofp\libg.a(lib_a-atexit.o) (__register_exitproc)

Discarded input sections

 .text          0x00000000        0x0 f:/uni/gcc_arn_none_eabi_10_3_2021_10/bin/../lib/gcc/arm-none-eabi/10.3.1/thumb/v7-m/nofp/crti.o
 .data          0x00000000        0x0 f:/uni/gcc_arn_none_eabi_10_3_2021_10/bin/../lib/gcc/arm-none-eabi/10.3.1/thumb/v7-m/nofp/crti.o
 .bss           0x00000000        0x0 f:/uni/gcc_arn_none_eabi_10_3_2021_10/bin/../lib/gcc/arm-none-eabi/10.3.1/thumb/v7-m/nofp/crti.o
 .data          0x00000000        0x4 f:/uni/gcc_arn_none_eabi_10_3_2021_10/bin/../lib/gcc/arm-none-eabi/10.3.1/thumb/v7-m/nofp/crtbegin.o
 .rodata        0x00000000       0x24 f:/uni/gcc_arn_none_eabi_10_3_2021_10/bin/../lib/gcc/arm-none-eabi/10.3.1/thumb/v7-m/nofp/crtbegin.o
 .text          0x00000000       0x7c f:/uni/gcc_arn_none_eabi_10_3_2021_10/bin/../lib/gcc/arm-none-eabi/10.3.1/../../../../arm-none-eabi/lib/thumb/v7-m/nofp/crt0.o
 .data          0x00000000        0x0 f:/uni/gcc_arn_none_eabi_10_3_2021_10/bin/../lib/gcc/arm-none-eabi/10.3.1/../../../../arm-none-eabi/lib/thumb/v7-m/nofp/crt0.o
[...]
Memory Configuration

Name             Origin             Length             Attributes
RAM              0x20000000         0x00005000         xrw
FLASH            0x08000000         0x00010000         xr
*default*        0x00000000         0xffffffff

Linker script and memory map

LOAD f:/uni/gcc_arn_none_eabi_10_3_2021_10/bin/../lib/gcc/arm-none-eabi/10.3.1/thumb/v7-m/nofp/crti.o
LOAD f:/uni/gcc_arn_none_eabi_10_3_2021_10/bin/../lib/gcc/arm-none-eabi/10.3.1/thumb/v7-m/nofp/crtbegin.o
LOAD f:/uni/gcc_arn_none_eabi_10_3_2021_10/bin/../lib/gcc/arm-none-eabi/10.3.1/../../../../arm-none-eabi/lib/thumb/v7-m/nofp/crt0.o
LOAD C:\Users\velin\AppData\Local\Temp\cc1MBbEJ.o
LOAD C:\Users\velin\AppData\Local\Temp\ccBTThRl.o
LOAD C:\Users\velin\AppData\Local\Temp\ccxt9rR6.o
LOAD C:\Users\velin\AppData\Local\Temp\ccVhj5f0.o
LOAD C:\Users\velin\AppData\Local\Temp\ccFBvQsY.o
LOAD C:\Users\velin\AppData\Local\Temp\ccL8KO92.o
LOAD C:\Users\velin\AppData\Local\Temp\ccGnk6T9.o
LOAD C:\Users\velin\AppData\Local\Temp\ccpSGXWl.o
LOAD C:\Users\velin\AppData\Local\Temp\ccgvnqoL.o
LOAD C:\Users\velin\AppData\Local\Temp\ccXC0JQg.o
LOAD C:\Users\velin\AppData\Local\Temp\cc6EjUAS.o
LOAD C:\Users\velin\AppData\Local\Temp\ccFKRwsH.o
LOAD C:\Users\velin\AppData\Local\Temp\ccusTwkE.o
LOAD C:\Users\velin\AppData\Local\Temp\cc5ytKIK.o
LOAD C:\Users\velin\AppData\Local\Temp\cchwDNOS.o
LOAD C:\Users\velin\AppData\Local\Temp\ccVHfTI9.o
LOAD C:\Users\velin\AppData\Local\Temp\ccd4Wpox.o
LOAD C:\Users\velin\AppData\Local\Temp\cclfn7I5.o
LOAD C:\Users\velin\AppData\Local\Temp\cc34wGEN.o
LOAD C:\Users\velin\AppData\Local\Temp\ccPCGwkE.o
LOAD C:\Users\velin\AppData\Local\Temp\ccQrdAwK.o
LOAD C:\Users\velin\AppData\Local\Temp\cc5tJtq1.o
LOAD C:\Users\velin\AppData\Local\Temp\ccyB6kHv.o
LOAD C:\Users\velin\AppData\Local\Temp\cch1eKga.o
LOAD C:\Users\velin\AppData\Local\Temp\ccessjd9.o
LOAD C:\Users\velin\AppData\Local\Temp\ccaIk1bd.o
LOAD C:\Users\velin\AppData\Local\Temp\ccEnl1As.o
LOAD C:\Users\velin\AppData\Local\Temp\ccqoUdzU.o
LOAD C:\Users\velin\AppData\Local\Temp\cciqQAYu.o
LOAD C:\Users\velin\AppData\Local\Temp\ccUTs0Ia.o
START GROUP
LOAD f:/uni/gcc_arn_none_eabi_10_3_2021_10/bin/../lib/gcc/arm-none-eabi/10.3.1/thumb/v7-m/nofp\libgcc.a
LOAD f:/uni/gcc_arn_none_eabi_10_3_2021_10/bin/../lib/gcc/arm-none-eabi/10.3.1/../../../../arm-none-eabi/lib/thumb/v7-m/nofp\libg.a
LOAD f:/uni/gcc_arn_none_eabi_10_3_2021_10/bin/../lib/gcc/arm-none-eabi/10.3.1/../../../../arm-none-eabi/lib/thumb/v7-m/nofp\libc.a
END GROUP
LOAD f:/uni/gcc_arn_none_eabi_10_3_2021_10/bin/../lib/gcc/arm-none-eabi/10.3.1/thumb/v7-m/nofp/crtend.o
LOAD f:/uni/gcc_arn_none_eabi_10_3_2021_10/bin/../lib/gcc/arm-none-eabi/10.3.1/thumb/v7-m/nofp/crtn.o
                0x20005000                _estack = (ORIGIN (RAM) + LENGTH (RAM))
                0x00000200                _Min_Heap_Size = 0x200
                0x00000400                _Min_Stack_Size = 0x400

.isr_vector     0x08000000      0x10c
                0x08000000                . = ALIGN (0x4)
 *(.isr_vector)
 .isr_vector    0x08000000      0x10c C:\Users\velin\AppData\Local\Temp\ccUTs0Ia.o
                0x08000000                g_pfnVectors
                0x0800010c                . = ALIGN (0x4)

.text           0x0800010c     0x2d08
                0x0800010c                . = ALIGN (0x4)
 *(.text)
 .text          0x0800010c       0x40 f:/uni/gcc_arn_none_eabi_10_3_2021_10/bin/../lib/gcc/arm-none-eabi/10.3.1/thumb/v7-m/nofp/crtbegin.o
 .text          0x0800014c       0xa0 f:/uni/gcc_arn_none_eabi_10_3_2021_10/bin/../lib/gcc/arm-none-eabi/10.3.1/thumb/v7-m/nofp\libgcc.a(_aeabi_ldivmod.o)
                0x0800014c                __aeabi_ldivmod
 .text          0x080001ec      0x2d4 f:/uni/gcc_arn_none_eabi_10_3_2021_10/bin/../lib/gcc/arm-none-eabi/10.3.1/thumb/v7-m/nofp\libgcc.a(_udivmoddi4.o)
                0x080001ec                __udivmoddi4
 .text          0x080004c0        0x4 f:/uni/gcc_arn_none_eabi_10_3_2021_10/bin/../lib/gcc/arm-none-eabi/10.3.1/thumb/v7-m/nofp\libgcc.a(_dvmd_tls.o)
                0x080004c0                __aeabi_idiv0
                0x080004c0                __aeabi_ldiv0
 *(.text*)
 .text.attach_controller
                0x080004c4       0x20 C:\Users\velin\AppData\Local\Temp\ccBTThRl.o
                0x080004c4                attach_controller
 .text.speed_controller_step
                0x080004e4       0x4c C:\Users\velin\AppData\Local\Temp\ccBTThRl.o
                0x080004e4                speed_controller_step
 .text.torque_controller_step
                0x08000530       0x80 C:\Users\velin\AppData\Local\Temp\ccBTThRl.o
                0x08000530                torque_controller_step
 .text.pwm_controller_step
                0x080005b0       0x40 C:\Users\velin\AppData\Local\Temp\ccBTThRl.o
                0x080005b0                pwm_controller_step
 .text.get_motor_duty
                0x080005f0        0xc C:\Users\velin\AppData\Local\Temp\ccBTThRl.o
                0x080005f0                get_motor_duty
 .text.reset_duty
                0x080005fc        0xc C:\Users\velin\AppData\Local\Temp\ccBTThRl.o
                0x080005fc                reset_duty
 .text.detach_controller
                0x08000608       0x38 C:\Users\velin\AppData\Local\Temp\ccBTThRl.o
                0x08000608                detach_controller
 .text.resetSpeedIntegrator
                0x08000640        0xc C:\Users\velin\AppData\Local\Temp\ccBTThRl.o
                0x08000640                resetSpeedIntegrator
 .text.resetCurrentIntegrator
                0x0800064c        0xc C:\Users\velin\AppData\Local\Temp\ccBTThRl.o
                0x0800064c                resetCurrentIntegrator
 .text.check_transitions
                0x08000658       0x58 C:\Users\velin\AppData\Local\Temp\ccxt9rR6.o
                0x08000658                check_transitions
 .text.entry_actions
                0x080006b0       0x58 C:\Users\velin\AppData\Local\Temp\ccxt9rR6.o
                0x080006b0                entry_actions
 .text.check_subtransitions
                0x08000708       0x6c C:\Users\velin\AppData\Local\Temp\ccxt9rR6.o
                0x08000708                check_subtransitions
 .text.entry_subactions
                0x08000774       0x38 C:\Users\velin\AppData\Local\Temp\ccxt9rR6.o
                0x08000774                entry_subactions
 .text.state_subactions
                0x080007ac       0x28 C:\Users\velin\AppData\Local\Temp\ccxt9rR6.o
                0x080007ac                state_subactions
 .text.state_actions
                0x080007d4       0x30 C:\Users\velin\AppData\Local\Temp\ccxt9rR6.o
                0x080007d4                state_actions
 .text.run_system
                0x08000804       0x6c C:\Users\velin\AppData\Local\Temp\ccxt9rR6.o
                0x08000804                run_system
 .text.get_controller_state
                0x08000870        0xc C:\Users\velin\AppData\Local\Temp\ccxt9rR6.o
                0x08000870                get_controller_state
 .text.get_controller_mode
                0x0800087c        0xc C:\Users\velin\AppData\Local\Temp\ccxt9rR6.o
                0x0800087c                get_controller_mode
 .text.measureCurrent
                0x08000888       0x2c C:\Users\velin\AppData\Local\Temp\ccVhj5f0.o
                0x08000888                measureCurrent
 .text.diag_step_100ms
                0x080008b4       0xac C:\Users\velin\AppData\Local\Temp\ccFBvQsY.o
                0x080008b4                diag_step_100ms
 .text.diag_step_500ms
                0x08000960       0xb4 C:\Users\velin\AppData\Local\Temp\ccFBvQsY.o
                0x08000960                diag_step_500ms
 .text.returnDiagModeRequest
                0x08000a14        0xc C:\Users\velin\AppData\Local\Temp\ccFBvQsY.o
                0x08000a14                returnDiagModeRequest
 .text.returnDiagPowerStageRequest
                0x08000a20        0xc C:\Users\velin\AppData\Local\Temp\ccFBvQsY.o
                0x08000a20                returnDiagPowerStageRequest
 .text.returnDiagTorqueRequest
                0x08000a2c        0xc C:\Users\velin\AppData\Local\Temp\ccFBvQsY.o
                0x08000a2c                returnDiagTorqueRequest
 .text.returnDiagSpeedRequest
                0x08000a38        0xc C:\Users\velin\AppData\Local\Temp\ccFBvQsY.o
                0x08000a38                returnDiagSpeedRequest
 .text.returnDiagPWMRequest
                0x08000a44        0xc C:\Users\velin\AppData\Local\Temp\ccFBvQsY.o
                0x08000a44                returnDiagPWMRequest
 .text.calculateSpeed
                0x08000a50       0x24 C:\Users\velin\AppData\Local\Temp\ccL8KO92.o
                0x08000a50                calculateSpeed
 .text.get_motor_speed_est
                0x08000a74        0xc C:\Users\velin\AppData\Local\Temp\ccL8KO92.o
                0x08000a74                get_motor_speed_est
 .text.main     0x08000a80       0xc4 C:\Users\velin\AppData\Local\Temp\ccGnk6T9.o
                0x08000a80                main
 .text.ringbuffer_write
                0x08000b44       0x1a C:\Users\velin\AppData\Local\Temp\ccpSGXWl.o
                0x08000b44                ringbuffer_write
 .text.ringbuffer_read
                0x08000b5e       0x5a C:\Users\velin\AppData\Local\Temp\ccpSGXWl.o
                0x08000b5e                ringbuffer_read
 .text.enableInterrupts
                0x08000bb8        0x4 C:\Users\velin\AppData\Local\Temp\ccgvnqoL.o
                0x08000bb8                enableInterrupts
 .text.setupEncoder
                0x08000bbc       0xa0 C:\Users\velin\AppData\Local\Temp\ccgvnqoL.o
                0x08000bbc                setupEncoder
 .text.HAL_GPIO_EXTI_Callback
                0x08000c5c        0xe C:\Users\velin\AppData\Local\Temp\ccgvnqoL.o
                0x08000c5c                HAL_GPIO_EXTI_Callback
 .text.Error_Handler
                0x08000c6a        0x4 C:\Users\velin\AppData\Local\Temp\ccgvnqoL.o
                0x08000c6a                Error_Handler
 .text.SystemClock_Config
                0x08000c6e       0x6a C:\Users\velin\AppData\Local\Temp\ccgvnqoL.o
                0x08000c6e                SystemClock_Config
 .text.boardInit
                0x08000cd8       0x40 C:\Users\velin\AppData\Local\Temp\ccgvnqoL.o
                0x08000cd8                boardInit
 .text.initGPIO
                0x08000d18       0x48 C:\Users\velin\AppData\Local\Temp\ccXC0JQg.o
                0x08000d18                initGPIO
 .text.toggleLED
                0x08000d60       0x14 C:\Users\velin\AppData\Local\Temp\ccXC0JQg.o
                0x08000d60                toggleLED
 .text.SystemInit
                0x08000d74        0x2 C:\Users\velin\AppData\Local\Temp\cc6EjUAS.o
                0x08000d74                SystemInit
 *fill*         0x08000d76        0x2 
 .text.SystemCoreClockUpdate
                0x08000d78       0x94 C:\Users\velin\AppData\Local\Temp\cc6EjUAS.o
                0x08000d78                SystemCoreClockUpdate
 .text.getTimerVal
                0x08000e0c        0x8 C:\Users\velin\AppData\Local\Temp\ccFKRwsH.o
                0x08000e0c                getTimerVal
 .text.disableInterrupts
                0x08000e14        0x8 C:\Users\velin\AppData\Local\Temp\ccFKRwsH.o
                0x08000e14                disableInterrupts
 .text.encoderEdgeInterruptHandler
                0x08000e1c       0x30 C:\Users\velin\AppData\Local\Temp\ccFKRwsH.o
                0x08000e1c                encoderEdgeInterruptHandler
 .text.fetchAndResetEncoderCount
                0x08000e4c       0x1c C:\Users\velin\AppData\Local\Temp\ccFKRwsH.o
                0x08000e4c                fetchAndResetEncoderCount
 .text.force_pwm_outputs_off
                0x08000e68       0x64 C:\Users\velin\AppData\Local\Temp\ccusTwkE.o
 .text.enable_pwm
                0x08000ecc       0x60 C:\Users\velin\AppData\Local\Temp\ccusTwkE.o
                0x08000ecc                enable_pwm
 .text.disable_pwm
                0x08000f2c        0x8 C:\Users\velin\AppData\Local\Temp\ccusTwkE.o
                0x08000f2c                disable_pwm
 .text.set_duty_cycle
                0x08000f34       0x2c C:\Users\velin\AppData\Local\Temp\ccusTwkE.o
                0x08000f34                set_duty_cycle
 .text.setupPWMTimer
                0x08000f60      0x194 C:\Users\velin\AppData\Local\Temp\ccusTwkE.o
                0x08000f60                setupPWMTimer
 .text.TIM1_CC_IRQHandler
                0x080010f4       0x68 C:\Users\velin\AppData\Local\Temp\ccusTwkE.o
                0x080010f4                TIM1_CC_IRQHandler
 .text.TIM1_UP_IRQHandler
                0x0800115c       0x24 C:\Users\velin\AppData\Local\Temp\ccusTwkE.o
                0x0800115c                TIM1_UP_IRQHandler
 .text.TIM1_BRK_IRQHandler
                0x08001180        0x2 C:\Users\velin\AppData\Local\Temp\ccusTwkE.o
                0x08001180                TIM1_BRK_IRQHandler
 *fill*         0x08001182        0x2 
 .text.enableTxInterrupt
                0x08001184       0x14 C:\Users\velin\AppData\Local\Temp\cc5ytKIK.o
                0x08001184                enableTxInterrupt
 .text.disableTxInterrupt
                0x08001198       0x14 C:\Users\velin\AppData\Local\Temp\cc5ytKIK.o
                0x08001198                disableTxInterrupt
 .text.setupUART
                0x080011ac       0xc4 C:\Users\velin\AppData\Local\Temp\cc5ytKIK.o
                0x080011ac                setupUART
 .text.USART1_IRQHandler
                0x08001270       0x88 C:\Users\velin\AppData\Local\Temp\cc5ytKIK.o
                0x08001270                USART1_IRQHandler
 .text.setupADC
                0x080012f8       0xac C:\Users\velin\AppData\Local\Temp\cchwDNOS.o
                0x080012f8                setupADC
 .text.ADC1_2_IRQHandler
                0x080013a4       0x5c C:\Users\velin\AppData\Local\Temp\cchwDNOS.o
                0x080013a4                ADC1_2_IRQHandler
 .text.HAL_MspInit
                0x08001400       0x44 C:\Users\velin\AppData\Local\Temp\ccd4Wpox.o
                0x08001400                HAL_MspInit
 .text.NMI_Handler
                0x08001444        0x2 C:\Users\velin\AppData\Local\Temp\cclfn7I5.o
                0x08001444                NMI_Handler
 .text.HardFault_Handler
                0x08001446        0x2 C:\Users\velin\AppData\Local\Temp\cclfn7I5.o
                0x08001446                HardFault_Handler
 .text.MemManage_Handler
                0x08001448        0x2 C:\Users\velin\AppData\Local\Temp\cclfn7I5.o
                0x08001448                MemManage_Handler
 .text.BusFault_Handler
                0x0800144a        0x2 C:\Users\velin\AppData\Local\Temp\cclfn7I5.o
                0x0800144a                BusFault_Handler
 .text.UsageFault_Handler
                0x0800144c        0x2 C:\Users\velin\AppData\Local\Temp\cclfn7I5.o
                0x0800144c                UsageFault_Handler
 .text.SVC_Handler
                0x0800144e        0x2 C:\Users\velin\AppData\Local\Temp\cclfn7I5.o
                0x0800144e                SVC_Handler
 .text.DebugMon_Handler
                0x08001450        0x2 C:\Users\velin\AppData\Local\Temp\cclfn7I5.o
                0x08001450                DebugMon_Handler
 .text.PendSV_Handler
                0x08001452        0x2 C:\Users\velin\AppData\Local\Temp\cclfn7I5.o
                0x08001452                PendSV_Handler
 .text.SysTick_Handler
                0x08001454        0x8 C:\Users\velin\AppData\Local\Temp\cclfn7I5.o
                0x08001454                SysTick_Handler
 .text.EXTI9_5_IRQHandler
                0x0800145c       0x20 C:\Users\velin\AppData\Local\Temp\cclfn7I5.o
                0x0800145c                EXTI9_5_IRQHandler
 .text.HAL_InitTick
                0x0800147c       0x4c C:\Users\velin\AppData\Local\Temp\cc34wGEN.o
                0x0800147c                HAL_InitTick
 .text.HAL_Init
                0x080014c8       0x24 C:\Users\velin\AppData\Local\Temp\cc34wGEN.o
                0x080014c8                HAL_Init
 .text.HAL_IncTick
                0x080014ec       0x18 C:\Users\velin\AppData\Local\Temp\cc34wGEN.o
                0x080014ec                HAL_IncTick
 .text.HAL_GetTick
                0x08001504        0xc C:\Users\velin\AppData\Local\Temp\cc34wGEN.o
                0x08001504                HAL_GetTick
 .text.HAL_GPIO_Init
                0x08001510      0x224 C:\Users\velin\AppData\Local\Temp\ccPCGwkE.o
                0x08001510                HAL_GPIO_Init
 .text.HAL_GPIO_ReadPin
                0x08001734        0xe C:\Users\velin\AppData\Local\Temp\ccPCGwkE.o
                0x08001734                HAL_GPIO_ReadPin
 .text.HAL_GPIO_TogglePin
                0x08001742       0x12 C:\Users\velin\AppData\Local\Temp\ccPCGwkE.o
                0x08001742                HAL_GPIO_TogglePin
 .text.HAL_GPIO_EXTI_IRQHandler
                0x08001754       0x1c C:\Users\velin\AppData\Local\Temp\ccPCGwkE.o
                0x08001754                HAL_GPIO_EXTI_IRQHandler
 .text.TIM_OC1_SetConfig
                0x08001770       0x5c C:\Users\velin\AppData\Local\Temp\ccQrdAwK.o
 .text.TIM_OC3_SetConfig
                0x080017cc       0x64 C:\Users\velin\AppData\Local\Temp\ccQrdAwK.o
 .text.TIM_OC4_SetConfig
                0x08001830       0x48 C:\Users\velin\AppData\Local\Temp\ccQrdAwK.o
 .text.HAL_TIM_PWM_MspInit
                0x08001878        0x2 C:\Users\velin\AppData\Local\Temp\ccQrdAwK.o
                0x08001878                HAL_TIM_PWM_MspInit
 *fill*         0x0800187a        0x2 
 .text.TIM_Base_SetConfig
                0x0800187c       0x84 C:\Users\velin\AppData\Local\Temp\ccQrdAwK.o
                0x0800187c                TIM_Base_SetConfig
 .text.HAL_TIM_PWM_Init
                0x08001900       0x58 C:\Users\velin\AppData\Local\Temp\ccQrdAwK.o
                0x08001900                HAL_TIM_PWM_Init
 .text.TIM_OC2_SetConfig
                0x08001958       0x64 C:\Users\velin\AppData\Local\Temp\ccQrdAwK.o
                0x08001958                TIM_OC2_SetConfig
 .text.HAL_TIM_PWM_ConfigChannel
                0x080019bc       0xdc C:\Users\velin\AppData\Local\Temp\ccQrdAwK.o
                0x080019bc                HAL_TIM_PWM_ConfigChannel
 .text.TIM_CCxChannelCmd
                0x08001a98       0x1e C:\Users\velin\AppData\Local\Temp\ccQrdAwK.o
                0x08001a98                TIM_CCxChannelCmd
 *fill*         0x08001ab6        0x2 
 .text.HAL_TIM_PWM_Start
                0x08001ab8       0xdc C:\Users\velin\AppData\Local\Temp\ccQrdAwK.o
                0x08001ab8                HAL_TIM_PWM_Start
 .text.HAL_TIM_PWM_Stop
                0x08001b94       0x84 C:\Users\velin\AppData\Local\Temp\ccQrdAwK.o
                0x08001b94                HAL_TIM_PWM_Stop
 .text.RCC_Delay
                0x08001c18       0x2c C:\Users\velin\AppData\Local\Temp\cc5tJtq1.o
 .text.HAL_RCC_OscConfig
                0x08001c44      0x410 C:\Users\velin\AppData\Local\Temp\cc5tJtq1.o
                0x08001c44                HAL_RCC_OscConfig
 .text.HAL_RCC_GetSysClockFreq
                0x08002054       0x54 C:\Users\velin\AppData\Local\Temp\cc5tJtq1.o
                0x08002054                HAL_RCC_GetSysClockFreq
 .text.HAL_RCC_ClockConfig
                0x080020a8      0x16c C:\Users\velin\AppData\Local\Temp\cc5tJtq1.o
                0x080020a8                HAL_RCC_ClockConfig
 .text.HAL_RCC_GetHCLKFreq
                0x08002214        0xc C:\Users\velin\AppData\Local\Temp\cc5tJtq1.o
                0x08002214                HAL_RCC_GetHCLKFreq
 .text.HAL_RCC_GetPCLK1Freq
                0x08002220       0x20 C:\Users\velin\AppData\Local\Temp\cc5tJtq1.o
                0x08002220                HAL_RCC_GetPCLK1Freq
 .text.HAL_RCC_GetPCLK2Freq
                0x08002240       0x20 C:\Users\velin\AppData\Local\Temp\cc5tJtq1.o
                0x08002240                HAL_RCC_GetPCLK2Freq
 .text.HAL_NVIC_SetPriorityGrouping
                0x08002260       0x24 C:\Users\velin\AppData\Local\Temp\ccyB6kHv.o
                0x08002260                HAL_NVIC_SetPriorityGrouping
 .text.HAL_NVIC_SetPriority
                0x08002284       0x70 C:\Users\velin\AppData\Local\Temp\ccyB6kHv.o
                0x08002284                HAL_NVIC_SetPriority
 .text.HAL_NVIC_EnableIRQ
                0x080022f4       0x1c C:\Users\velin\AppData\Local\Temp\ccyB6kHv.o
                0x080022f4                HAL_NVIC_EnableIRQ
 .text.HAL_SYSTICK_Config
                0x08002310       0x28 C:\Users\velin\AppData\Local\Temp\ccyB6kHv.o
                0x08002310                HAL_SYSTICK_Config
 .text.HAL_ADC_MspInit
                0x08002338        0x2 C:\Users\velin\AppData\Local\Temp\cch1eKga.o
                0x08002338                HAL_ADC_MspInit
 .text.HAL_ADC_GetValue
                0x0800233a        0x6 C:\Users\velin\AppData\Local\Temp\cch1eKga.o
                0x0800233a                HAL_ADC_GetValue
 .text.HAL_ADC_ConfigChannel
                0x08002340      0x144 C:\Users\velin\AppData\Local\Temp\cch1eKga.o
                0x08002340                HAL_ADC_ConfigChannel
 .text.ADC_Enable
                0x08002484       0x88 C:\Users\velin\AppData\Local\Temp\cch1eKga.o
                0x08002484                ADC_Enable
 .text.HAL_ADC_Start_IT
                0x0800250c       0xf0 C:\Users\velin\AppData\Local\Temp\cch1eKga.o
                0x0800250c                HAL_ADC_Start_IT
 .text.ADC_ConversionStop_Disable
                0x080025fc       0x56 C:\Users\velin\AppData\Local\Temp\cch1eKga.o
                0x080025fc                ADC_ConversionStop_Disable
 *fill*         0x08002652        0x2 
 .text.HAL_ADC_Init
                0x08002654      0x108 C:\Users\velin\AppData\Local\Temp\cch1eKga.o
                0x08002654                HAL_ADC_Init
 .text.UART_SetConfig
                0x0800275c       0x94 C:\Users\velin\AppData\Local\Temp\ccessjd9.o
 .text.HAL_UART_MspInit
                0x080027f0        0x2 C:\Users\velin\AppData\Local\Temp\ccessjd9.o
                0x080027f0                HAL_UART_MspInit
 .text.HAL_UART_Init
                0x080027f2       0x60 C:\Users\velin\AppData\Local\Temp\ccessjd9.o
                0x080027f2                HAL_UART_Init
 .text.TIM_CCxNChannelCmd
                0x08002852       0x1e C:\Users\velin\AppData\Local\Temp\ccaIk1bd.o
 .text.HAL_TIMEx_PWMN_Start
                0x08002870       0xd4 C:\Users\velin\AppData\Local\Temp\ccaIk1bd.o
                0x08002870                HAL_TIMEx_PWMN_Start
 .text.HAL_TIMEx_PWMN_Stop
                0x08002944       0x76 C:\Users\velin\AppData\Local\Temp\ccaIk1bd.o
                0x08002944                HAL_TIMEx_PWMN_Stop
 .text.HAL_TIMEx_ConfigBreakDeadTime
                0x080029ba       0x52 C:\Users\velin\AppData\Local\Temp\ccaIk1bd.o
                0x080029ba                HAL_TIMEx_ConfigBreakDeadTime
 .text.HAL_ADCEx_Calibration_Start
                0x08002a0c      0x100 C:\Users\velin\AppData\Local\Temp\ccqoUdzU.o
                0x08002a0c                HAL_ADCEx_Calibration_Start
 .text.HAL_RCCEx_GetPeriphCLKFreq
                0x08002b0c       0xd8 C:\Users\velin\AppData\Local\Temp\cciqQAYu.o
                0x08002b0c                HAL_RCCEx_GetPeriphCLKFreq
 .text.Reset_Handler
                0x08002be4       0x48 C:\Users\velin\AppData\Local\Temp\ccUTs0Ia.o
                0x08002be4                Reset_Handler
 .text.Default_Handler
                0x08002c2c        0x2 C:\Users\velin\AppData\Local\Temp\ccUTs0Ia.o
                0x08002c2c                RTC_Alarm_IRQHandler
                0x08002c2c                EXTI2_IRQHandler
                0x08002c2c                PVD_IRQHandler
                0x08002c2c                EXTI3_IRQHandler
                0x08002c2c                EXTI0_IRQHandler
                0x08002c2c                I2C2_EV_IRQHandler
                0x08002c2c                SPI1_IRQHandler
                0x08002c2c                TAMPER_IRQHandler
                0x08002c2c                DMA1_Channel4_IRQHandler
                0x08002c2c                USART3_IRQHandler
                0x08002c2c                RTC_IRQHandler
                0x08002c2c                DMA1_Channel7_IRQHandler
                0x08002c2c                CAN1_RX1_IRQHandler
                0x08002c2c                TIM4_IRQHandler
                0x08002c2c                I2C1_EV_IRQHandler
                0x08002c2c                DMA1_Channel6_IRQHandler
                0x08002c2c                TIM3_IRQHandler
                0x08002c2c                RCC_IRQHandler
                0x08002c2c                TIM1_TRG_COM_IRQHandler
                0x08002c2c                DMA1_Channel1_IRQHandler
                0x08002c2c                Default_Handler
                0x08002c2c                EXTI15_10_IRQHandler
                0x08002c2c                SPI2_IRQHandler
                0x08002c2c                DMA1_Channel5_IRQHandler
                0x08002c2c                EXTI4_IRQHandler
                0x08002c2c                USB_LP_CAN1_RX0_IRQHandler
                0x08002c2c                USB_HP_CAN1_TX_IRQHandler
                0x08002c2c                DMA1_Channel3_IRQHandler
                0x08002c2c                WWDG_IRQHandler
                0x08002c2c                TIM2_IRQHandler
                0x08002c2c                EXTI1_IRQHandler
                0x08002c2c                USART2_IRQHandler
                0x08002c2c                I2C2_ER_IRQHandler
                0x08002c2c                DMA1_Channel2_IRQHandler
                0x08002c2c                CAN1_SCE_IRQHandler
                0x08002c2c                FLASH_IRQHandler
                0x08002c2c                I2C1_ER_IRQHandler
                0x08002c2c                USBWakeUp_IRQHandler
 *fill*         0x08002c2e        0x2 
 .text.__libc_init_array
                0x08002c30       0x48 f:/uni/gcc_arn_none_eabi_10_3_2021_10/bin/../lib/gcc/arm-none-eabi/10.3.1/../../../../arm-none-eabi/lib/thumb/v7-m/nofp\libg.a(lib_a-init.o)
                0x08002c30                __libc_init_array
 .text.memset   0x08002c78       0xa4 f:/uni/gcc_arn_none_eabi_10_3_2021_10/bin/../lib/gcc/arm-none-eabi/10.3.1/../../../../arm-none-eabi/lib/thumb/v7-m/nofp\libg.a(lib_a-memset.o)
                0x08002c78                memset
 .text.startup.register_fini
                0x08002d1c       0x14 f:/uni/gcc_arn_none_eabi_10_3_2021_10/bin/../lib/gcc/arm-none-eabi/10.3.1/../../../../arm-none-eabi/lib/thumb/v7-m/nofp\libg.a(lib_a-__call_atexit.o)
 .text.atexit   0x08002d30        0xc f:/uni/gcc_arn_none_eabi_10_3_2021_10/bin/../lib/gcc/arm-none-eabi/10.3.1/../../../../arm-none-eabi/lib/thumb/v7-m/nofp\libg.a(lib_a-atexit.o)
                0x08002d30                atexit
 .text.__libc_fini_array
                0x08002d3c       0x2c f:/uni/gcc_arn_none_eabi_10_3_2021_10/bin/../lib/gcc/arm-none-eabi/10.3.1/../../../../arm-none-eabi/lib/thumb/v7-m/nofp\libg.a(lib_a-fini.o)
                0x08002d3c                __libc_fini_array
 .text.__retarget_lock_acquire_recursive
                0x08002d68        0x4 f:/uni/gcc_arn_none_eabi_10_3_2021_10/bin/../lib/gcc/arm-none-eabi/10.3.1/../../../../arm-none-eabi/lib/thumb/v7-m/nofp\libg.a(lib_a-lock.o)
                0x08002d68                __retarget_lock_acquire_recursive
 .text.__retarget_lock_release_recursive
                0x08002d6c        0x4 f:/uni/gcc_arn_none_eabi_10_3_2021_10/bin/../lib/gcc/arm-none-eabi/10.3.1/../../../../arm-none-eabi/lib/thumb/v7-m/nofp\libg.a(lib_a-lock.o)
                0x08002d6c                __retarget_lock_release_recursive
 .text.__register_exitproc
                0x08002d70       0x8c f:/uni/gcc_arn_none_eabi_10_3_2021_10/bin/../lib/gcc/arm-none-eabi/10.3.1/../../../../arm-none-eabi/lib/thumb/v7-m/nofp\libg.a(lib_a-__atexit.o)
                0x08002d70                __register_exitproc
 *(.glue_7)
 .glue_7        0x08002dfc        0x0 linker stubs
 *(.glue_7t)
 .glue_7t       0x08002dfc        0x0 linker stubs
 *(.eh_frame)
 .eh_frame      0x08002dfc        0x0 f:/uni/gcc_arn_none_eabi_10_3_2021_10/bin/../lib/gcc/arm-none-eabi/10.3.1/thumb/v7-m/nofp/crtbegin.o
 *(.init)
 .init          0x08002dfc        0x4 f:/uni/gcc_arn_none_eabi_10_3_2021_10/bin/../lib/gcc/arm-none-eabi/10.3.1/thumb/v7-m/nofp/crti.o
                0x08002dfc                _init
 .init          0x08002e00        0x8 f:/uni/gcc_arn_none_eabi_10_3_2021_10/bin/../lib/gcc/arm-none-eabi/10.3.1/thumb/v7-m/nofp/crtn.o
 *(.fini)
 .fini          0x08002e08        0x4 f:/uni/gcc_arn_none_eabi_10_3_2021_10/bin/../lib/gcc/arm-none-eabi/10.3.1/thumb/v7-m/nofp/crti.o
                0x08002e08                _fini
 .fini          0x08002e0c        0x8 f:/uni/gcc_arn_none_eabi_10_3_2021_10/bin/../lib/gcc/arm-none-eabi/10.3.1/thumb/v7-m/nofp/crtn.o
                0x08002e14                . = ALIGN (0x4)
                0x08002e14                _etext = .

.vfp11_veneer   0x08002e14        0x0
 .vfp11_veneer  0x08002e14        0x0 linker stubs

.v4_bx          0x08002e14        0x0
 .v4_bx         0x08002e14        0x0 linker stubs

.iplt           0x08002e14        0x0
 .iplt          0x08002e14        0x0 f:/uni/gcc_arn_none_eabi_10_3_2021_10/bin/../lib/gcc/arm-none-eabi/10.3.1/thumb/v7-m/nofp/crtbegin.o

.rodata         0x08002e14       0x5c
                0x08002e14                . = ALIGN (0x4)
 *(.rodata)
 *(.rodata*)
 .rodata.K_times_Psi_q4_12
                0x08002e14        0x2 C:\Users\velin\AppData\Local\Temp\cc1MBbEJ.o
                0x08002e14                K_times_Psi_q4_12
 *fill*         0x08002e16        0x2 
 .rodata.Ts_controller_q16_16
                0x08002e18        0x4 C:\Users\velin\AppData\Local\Temp\cc1MBbEJ.o
                0x08002e18                Ts_controller_q16_16
 .rodata.Ts_controller_q22_10
                0x08002e1c        0x4 C:\Users\velin\AppData\Local\Temp\cc1MBbEJ.o
                0x08002e1c                Ts_controller_q22_10
 .rodata.duty_max
                0x08002e20        0x2 C:\Users\velin\AppData\Local\Temp\cc1MBbEJ.o
                0x08002e20                duty_max
 .rodata.duty_min
                0x08002e22        0x2 C:\Users\velin\AppData\Local\Temp\cc1MBbEJ.o
                0x08002e22                duty_min
 .rodata.t_step_controller
                0x08002e24        0x2 C:\Users\velin\AppData\Local\Temp\ccBTThRl.o
                0x08002e24                t_step_controller
 .rodata.t_step_rx
                0x08002e26        0x2 C:\Users\velin\AppData\Local\Temp\ccFBvQsY.o
                0x08002e26                t_step_rx
 .rodata.t_step_tx
                0x08002e28        0x2 C:\Users\velin\AppData\Local\Temp\ccFBvQsY.o
                0x08002e28                t_step_tx
 *fill*         0x08002e2a        0x2 
 .rodata.AHBPrescTable
                0x08002e2c       0x10 C:\Users\velin\AppData\Local\Temp\cc6EjUAS.o
                0x08002e2c                AHBPrescTable
 .rodata.APBPrescTable
                0x08002e3c        0x8 C:\Users\velin\AppData\Local\Temp\cc6EjUAS.o
                0x08002e3c                APBPrescTable
 .rodata.aPLLMULFactorTable.1
                0x08002e44       0x10 C:\Users\velin\AppData\Local\Temp\cc5tJtq1.o
 .rodata.aPredivFactorTable.0
                0x08002e54        0x2 C:\Users\velin\AppData\Local\Temp\cc5tJtq1.o
 *fill*         0x08002e56        0x2 
 .rodata.aPLLMULFactorTable.1
                0x08002e58       0x10 C:\Users\velin\AppData\Local\Temp\cciqQAYu.o
 .rodata.aPredivFactorTable.0
                0x08002e68        0x2 C:\Users\velin\AppData\Local\Temp\cciqQAYu.o
 *fill*         0x08002e6a        0x2 
 .rodata._global_impure_ptr
                0x08002e6c        0x4 f:/uni/gcc_arn_none_eabi_10_3_2021_10/bin/../lib/gcc/arm-none-eabi/10.3.1/../../../../arm-none-eabi/lib/thumb/v7-m/nofp\libg.a(lib_a-impure.o)
                0x08002e6c                _global_impure_ptr
                0x08002e70                . = ALIGN (0x4)

.ARM.extab      0x08002e70        0x0
                0x08002e70                . = ALIGN (0x4)
 *(.ARM.extab* .gnu.linkonce.armextab.*)
                0x08002e70                . = ALIGN (0x4)

.ARM            0x08002e70        0x8
                0x08002e70                . = ALIGN (0x4)
                0x08002e70                __exidx_start = .
 *(.ARM.exidx*)
 .ARM.exidx     0x08002e70        0x8 f:/uni/gcc_arn_none_eabi_10_3_2021_10/bin/../lib/gcc/arm-none-eabi/10.3.1/thumb/v7-m/nofp\libgcc.a(_udivmoddi4.o)
                0x08002e78                __exidx_end = .
                0x08002e78                . = ALIGN (0x4)

.rel.dyn        0x08002e78        0x0
 .rel.iplt      0x08002e78        0x0 f:/uni/gcc_arn_none_eabi_10_3_2021_10/bin/../lib/gcc/arm-none-eabi/10.3.1/thumb/v7-m/nofp/crtbegin.o

.preinit_array  0x08002e78        0x0
                0x08002e78                . = ALIGN (0x4)
                0x08002e78                PROVIDE (__preinit_array_start = .)
 *(.preinit_array*)
                0x08002e78                PROVIDE (__preinit_array_end = .)
                0x08002e78                . = ALIGN (0x4)

.init_array     0x08002e78        0x8
                0x08002e78                . = ALIGN (0x4)
                0x08002e78                PROVIDE (__init_array_start = .)
 *(SORT_BY_NAME(.init_array.*))
 .init_array.00000
                0x08002e78        0x4 f:/uni/gcc_arn_none_eabi_10_3_2021_10/bin/../lib/gcc/arm-none-eabi/10.3.1/../../../../arm-none-eabi/lib/thumb/v7-m/nofp\libg.a(lib_a-__call_atexit.o)
 *(.init_array*)
 .init_array    0x08002e7c        0x4 f:/uni/gcc_arn_none_eabi_10_3_2021_10/bin/../lib/gcc/arm-none-eabi/10.3.1/thumb/v7-m/nofp/crtbegin.o
                0x08002e80                PROVIDE (__init_array_end = .)
                0x08002e80                . = ALIGN (0x4)

.fini_array     0x08002e80        0x4
                0x08002e80                . = ALIGN (0x4)
                0x08002e80                PROVIDE (__fini_array_start = .)
 *(SORT_BY_NAME(.fini_array.*))
 *(.fini_array*)
 .fini_array    0x08002e80        0x4 f:/uni/gcc_arn_none_eabi_10_3_2021_10/bin/../lib/gcc/arm-none-eabi/10.3.1/thumb/v7-m/nofp/crtbegin.o
                0x08002e84                PROVIDE (__fini_array_end = .)
                0x08002e84                . = ALIGN (0x4)
                0x08002e84                _sidata = LOADADDR (.data)

.data           0x20000000      0x454 load address 0x08002e84
                0x20000000                . = ALIGN (0x4)
                0x20000000                _sdata = .
 *(.data)
 *(.data*)
 .data.rx_rb    0x20000000        0xc C:\Users\velin\AppData\Local\Temp\ccpSGXWl.o
                0x20000000                rx_rb
 .data.tx_rb    0x2000000c        0xc C:\Users\velin\AppData\Local\Temp\ccpSGXWl.o
                0x2000000c                tx_rb
 .data.SystemCoreClock
                0x20000018        0x4 C:\Users\velin\AppData\Local\Temp\cc6EjUAS.o
                0x20000018                SystemCoreClock
 .data.upcounting
                0x2000001c        0x1 C:\Users\velin\AppData\Local\Temp\ccusTwkE.o
 .data.uwTickFreq
                0x2000001d        0x1 C:\Users\velin\AppData\Local\Temp\cc34wGEN.o
                0x2000001d                uwTickFreq
 *fill*         0x2000001e        0x2 
 .data.uwTickPrio
                0x20000020        0x4 C:\Users\velin\AppData\Local\Temp\cc34wGEN.o
                0x20000020                uwTickPrio
 *fill*         0x20000024        0x4 
 .data.impure_data
                0x20000028      0x428 f:/uni/gcc_arn_none_eabi_10_3_2021_10/bin/../lib/gcc/arm-none-eabi/10.3.1/../../../../arm-none-eabi/lib/thumb/v7-m/nofp\libg.a(lib_a-impure.o)
 .data.__atexit_recursive_mutex
                0x20000450        0x4 f:/uni/gcc_arn_none_eabi_10_3_2021_10/bin/../lib/gcc/arm-none-eabi/10.3.1/../../../../arm-none-eabi/lib/thumb/v7-m/nofp\libg.a(lib_a-__call_atexit.o)
                0x20000450                __atexit_recursive_mutex
 *(.RamFunc)
 *(.RamFunc*)
                0x20000454                . = ALIGN (0x4)
                0x20000454                _edata = .

.igot.plt       0x20000454        0x0 load address 0x080032d8
 .igot.plt      0x20000454        0x0 f:/uni/gcc_arn_none_eabi_10_3_2021_10/bin/../lib/gcc/arm-none-eabi/10.3.1/thumb/v7-m/nofp/crtbegin.o
                0x20000454                . = ALIGN (0x4)

.bss            0x20000454      0x16c load address 0x080032d8
                0x20000454                _sbss = .
                0x20000454                __bss_start__ = _sbss
 *(.bss)
 .bss           0x20000454       0x1c f:/uni/gcc_arn_none_eabi_10_3_2021_10/bin/../lib/gcc/arm-none-eabi/10.3.1/thumb/v7-m/nofp/crtbegin.o
 *(.bss*)
 .bss.duty      0x20000470        0x2 C:\Users\velin\AppData\Local\Temp\ccBTThRl.o
                0x20000470                duty
 *fill*         0x20000472        0x2 
 .bss.dutyCycle_set
                0x20000474        0x4 C:\Users\velin\AppData\Local\Temp\ccBTThRl.o
 .bss.integrator_current
                0x20000478        0x4 C:\Users\velin\AppData\Local\Temp\ccBTThRl.o
 .bss.integrator_speed
                0x2000047c        0x4 C:\Users\velin\AppData\Local\Temp\ccBTThRl.o
 .bss.motorCurrent_get
                0x20000480        0x4 C:\Users\velin\AppData\Local\Temp\ccBTThRl.o
 .bss.motorSpeed_get
                0x20000484        0x4 C:\Users\velin\AppData\Local\Temp\ccBTThRl.o
 .bss.controller_mode
                0x20000488        0x1 C:\Users\velin\AppData\Local\Temp\ccxt9rR6.o
 .bss.controller_mode_req
                0x20000489        0x1 C:\Users\velin\AppData\Local\Temp\ccxt9rR6.o
 .bss.controller_prev_mode
                0x2000048a        0x1 C:\Users\velin\AppData\Local\Temp\ccxt9rR6.o
 .bss.controller_prev_state
                0x2000048b        0x1 C:\Users\velin\AppData\Local\Temp\ccxt9rR6.o
 .bss.controller_state
                0x2000048c        0x1 C:\Users\velin\AppData\Local\Temp\ccxt9rR6.o
 *fill*         0x2000048d        0x1 
 .bss.current_speed
                0x2000048e        0x2 C:\Users\velin\AppData\Local\Temp\ccxt9rR6.o
 .bss.duty_ref  0x20000490        0x2 C:\Users\velin\AppData\Local\Temp\ccxt9rR6.o
                0x20000490                duty_ref
 .bss.idle_counter
                0x20000492        0x1 C:\Users\velin\AppData\Local\Temp\ccxt9rR6.o
 .bss.measuredCurrent
                0x20000493        0x1 C:\Users\velin\AppData\Local\Temp\ccxt9rR6.o
 .bss.powerstage_mode_req
                0x20000494        0x1 C:\Users\velin\AppData\Local\Temp\ccxt9rR6.o
 *fill*         0x20000495        0x1 
 .bss.speed_ref
                0x20000496        0x2 C:\Users\velin\AppData\Local\Temp\ccxt9rR6.o
                0x20000496                speed_ref
 .bss.torque_ref
                0x20000498        0x2 C:\Users\velin\AppData\Local\Temp\ccxt9rR6.o
                0x20000498                torque_ref
 .bss.currentADCticks
                0x2000049a        0x2 C:\Users\velin\AppData\Local\Temp\ccVhj5f0.o
                0x2000049a                currentADCticks
 .bss.diag_controller_mode_req
                0x2000049c        0x1 C:\Users\velin\AppData\Local\Temp\ccFBvQsY.o
                0x2000049c                diag_controller_mode_req
 .bss.diag_powerstage_req
                0x2000049d        0x1 C:\Users\velin\AppData\Local\Temp\ccFBvQsY.o
                0x2000049d                diag_powerstage_req
 .bss.duty_diag_ref
                0x2000049e        0x2 C:\Users\velin\AppData\Local\Temp\ccFBvQsY.o
                0x2000049e                duty_diag_ref
 .bss.intermediary_ref_value
                0x200004a0        0x2 C:\Users\velin\AppData\Local\Temp\ccFBvQsY.o
                0x200004a0                intermediary_ref_value
 *fill*         0x200004a2        0x2 
 .bss.received_msg
                0x200004a4        0x3 C:\Users\velin\AppData\Local\Temp\ccFBvQsY.o
                0x200004a4                received_msg
 *fill*         0x200004a7        0x1 
 .bss.speed_diag_ref
                0x200004a8        0x2 C:\Users\velin\AppData\Local\Temp\ccFBvQsY.o
                0x200004a8                speed_diag_ref
 .bss.torque_diag_ref
                0x200004aa        0x2 C:\Users\velin\AppData\Local\Temp\ccFBvQsY.o
                0x200004aa                torque_diag_ref
 .bss.encoder_cnt
                0x200004ac        0x2 C:\Users\velin\AppData\Local\Temp\ccL8KO92.o
                0x200004ac                encoder_cnt
 .bss.encoder_speed_rpm
                0x200004ae        0x2 C:\Users\velin\AppData\Local\Temp\ccL8KO92.o
                0x200004ae                encoder_speed_rpm
 .bss.controller_lastExec
                0x200004b0        0x4 C:\Users\velin\AppData\Local\Temp\ccGnk6T9.o
 .bss.diag_rx_lastExec
                0x200004b4        0x4 C:\Users\velin\AppData\Local\Temp\ccGnk6T9.o
 .bss.diag_tx_lastExec
                0x200004b8        0x4 C:\Users\velin\AppData\Local\Temp\ccGnk6T9.o
 .bss.rxDiag_lastExecTicks
                0x200004bc        0x4 C:\Users\velin\AppData\Local\Temp\ccGnk6T9.o
 .bss.system_lastExecTicks
                0x200004c0        0x4 C:\Users\velin\AppData\Local\Temp\ccGnk6T9.o
 .bss.txDiag_lastExecTicks
                0x200004c4        0x4 C:\Users\velin\AppData\Local\Temp\ccGnk6T9.o
 .bss.rx_init   0x200004c8        0x8 C:\Users\velin\AppData\Local\Temp\ccpSGXWl.o
                0x200004c8                rx_init
 .bss.tx_init   0x200004d0       0x10 C:\Users\velin\AppData\Local\Temp\ccpSGXWl.o
                0x200004d0                tx_init
 .bss.htim1     0x200004e0       0x48 C:\Users\velin\AppData\Local\Temp\ccusTwkE.o
 .bss.tim1_execCounter
                0x20000528        0x4 C:\Users\velin\AppData\Local\Temp\ccusTwkE.o
 .bss.tim1interrupt_lastExecTicks
                0x2000052c        0x4 C:\Users\velin\AppData\Local\Temp\ccusTwkE.o
 .bss.huart1    0x20000530       0x48 C:\Users\velin\AppData\Local\Temp\cc5ytKIK.o
 .bss.uartinterrupt_lastExecTicks
                0x20000578        0x4 C:\Users\velin\AppData\Local\Temp\cc5ytKIK.o
 .bss.adc_execCounter
                0x2000057c        0x4 C:\Users\velin\AppData\Local\Temp\cchwDNOS.o
 .bss.adcinterrupt_lastExecTicks
                0x20000580        0x4 C:\Users\velin\AppData\Local\Temp\cchwDNOS.o
 .bss.hadc1     0x20000584       0x30 C:\Users\velin\AppData\Local\Temp\cchwDNOS.o
                0x20000584                hadc1
 .bss.externalinterrupt_lastExecTicks
                0x200005b4        0x4 C:\Users\velin\AppData\Local\Temp\cclfn7I5.o
 .bss.uwTick    0x200005b8        0x4 C:\Users\velin\AppData\Local\Temp\cc34wGEN.o
                0x200005b8                uwTick
 .bss.__lock___atexit_recursive_mutex
                0x200005bc        0x1 f:/uni/gcc_arn_none_eabi_10_3_2021_10/bin/../lib/gcc/arm-none-eabi/10.3.1/../../../../arm-none-eabi/lib/thumb/v7-m/nofp\libg.a(lib_a-lock.o)
                0x200005bc                __lock___atexit_recursive_mutex
 *(COMMON)
                0x200005c0                . = ALIGN (0x4)
 *fill*         0x200005bd        0x3 
                0x200005c0                _ebss = .
                0x200005c0                __bss_end__ = _ebss

._user_heap_stack
                0x200005c0      0x600 load address 0x080032d8
                0x200005c0                . = ALIGN (0x8)
                [!provide]                PROVIDE (end = .)
                0x200005c0                PROVIDE (_end = .)
                0x200007c0                . = (. + _Min_Heap_Size)
 *fill*         0x200005c0      0x200 
                0x20000bc0                . = (. + _Min_Stack_Size)
 *fill*         0x200007c0      0x400 
                0x20000bc0                . = ALIGN (0x8)

/DISCARD/
 libc.a(*)
 libm.a(*)
 libgcc.a(*)

.ARM.attributes
                0x00000000       0x29
 *(.ARM.attributes)
 .ARM.attributes
                0x00000000       0x1d f:/uni/gcc_arn_none_eabi_10_3_2021_10/bin/../lib/gcc/arm-none-eabi/10.3.1/thumb/v7-m/nofp/crti.o
 .ARM.attributes
                0x0000001d       0x2d f:/uni/gcc_arn_none_eabi_10_3_2021_10/bin/../lib/gcc/arm-none-eabi/10.3.1/thumb/v7-m/nofp/crtbegin.o
 .ARM.attributes
                0x0000004a       0x2d C:\Users\velin\AppData\Local\Temp\cc1MBbEJ.o
 .ARM.attributes
                0x00000077       0x2d C:\Users\velin\AppData\Local\Temp\ccBTThRl.o
 .ARM.attributes
                0x000000a4       0x2d C:\Users\velin\AppData\Local\Temp\ccxt9rR6.o
 .ARM.attributes
                0x000000d1       0x2d C:\Users\velin\AppData\Local\Temp\ccVhj5f0.o
 .ARM.attributes
                0x000000fe       0x2d C:\Users\velin\AppData\Local\Temp\ccFBvQsY.o
 .ARM.attributes
                0x0000012b       0x2d C:\Users\velin\AppData\Local\Temp\ccL8KO92.o
 .ARM.attributes
                0x00000158       0x2d C:\Users\velin\AppData\Local\Temp\ccGnk6T9.o
 .ARM.attributes
                0x00000185       0x2d C:\Users\velin\AppData\Local\Temp\ccpSGXWl.o
 .ARM.attributes
                0x000001b2       0x2d C:\Users\velin\AppData\Local\Temp\ccgvnqoL.o
 .ARM.attributes
                0x000001df       0x2d C:\Users\velin\AppData\Local\Temp\ccXC0JQg.o
 .ARM.attributes
                0x0000020c       0x2d C:\Users\velin\AppData\Local\Temp\cc6EjUAS.o
 .ARM.attributes
                0x00000239       0x2d C:\Users\velin\AppData\Local\Temp\ccFKRwsH.o
 .ARM.attributes
                0x00000266       0x2d C:\Users\velin\AppData\Local\Temp\ccusTwkE.o
 .ARM.attributes
                0x00000293       0x2d C:\Users\velin\AppData\Local\Temp\cc5ytKIK.o
 .ARM.attributes
                0x000002c0       0x2d C:\Users\velin\AppData\Local\Temp\cchwDNOS.o
 .ARM.attributes
                0x000002ed       0x2d C:\Users\velin\AppData\Local\Temp\ccd4Wpox.o
 .ARM.attributes
                0x0000031a       0x2d C:\Users\velin\AppData\Local\Temp\cclfn7I5.o
 .ARM.attributes
                0x00000347       0x2d C:\Users\velin\AppData\Local\Temp\cc34wGEN.o
 .ARM.attributes
                0x00000374       0x2d C:\Users\velin\AppData\Local\Temp\ccPCGwkE.o
 .ARM.attributes
                0x000003a1       0x2d C:\Users\velin\AppData\Local\Temp\ccQrdAwK.o
 .ARM.attributes
                0x000003ce       0x2d C:\Users\velin\AppData\Local\Temp\cc5tJtq1.o
 .ARM.attributes
                0x000003fb       0x2d C:\Users\velin\AppData\Local\Temp\ccyB6kHv.o
 .ARM.attributes
                0x00000428       0x2d C:\Users\velin\AppData\Local\Temp\cch1eKga.o
 .ARM.attributes
                0x00000455       0x2d C:\Users\velin\AppData\Local\Temp\ccessjd9.o
 .ARM.attributes
                0x00000482       0x2d C:\Users\velin\AppData\Local\Temp\ccaIk1bd.o
 .ARM.attributes
                0x000004af       0x2d C:\Users\velin\AppData\Local\Temp\ccqoUdzU.o
 .ARM.attributes
                0x000004dc       0x2d C:\Users\velin\AppData\Local\Temp\cciqQAYu.o
 .ARM.attributes
                0x00000509       0x21 C:\Users\velin\AppData\Local\Temp\ccUTs0Ia.o
 .ARM.attributes
                0x0000052a       0x1d f:/uni/gcc_arn_none_eabi_10_3_2021_10/bin/../lib/gcc/arm-none-eabi/10.3.1/thumb/v7-m/nofp\libgcc.a(_aeabi_ldivmod.o)
 .ARM.attributes
                0x00000547       0x2d f:/uni/gcc_arn_none_eabi_10_3_2021_10/bin/../lib/gcc/arm-none-eabi/10.3.1/thumb/v7-m/nofp\libgcc.a(_udivmoddi4.o)
 .ARM.attributes
                0x00000574       0x1d f:/uni/gcc_arn_none_eabi_10_3_2021_10/bin/../lib/gcc/arm-none-eabi/10.3.1/thumb/v7-m/nofp\libgcc.a(_dvmd_tls.o)
 .ARM.attributes
                0x00000591       0x2d f:/uni/gcc_arn_none_eabi_10_3_2021_10/bin/../lib/gcc/arm-none-eabi/10.3.1/../../../../arm-none-eabi/lib/thumb/v7-m/nofp\libg.a(lib_a-impure.o)
 .ARM.attributes
                0x000005be       0x2d f:/uni/gcc_arn_none_eabi_10_3_2021_10/bin/../lib/gcc/arm-none-eabi/10.3.1/../../../../arm-none-eabi/lib/thumb/v7-m/nofp\libg.a(lib_a-init.o)
 .ARM.attributes
                0x000005eb       0x2d f:/uni/gcc_arn_none_eabi_10_3_2021_10/bin/../lib/gcc/arm-none-eabi/10.3.1/../../../../arm-none-eabi/lib/thumb/v7-m/nofp\libg.a(lib_a-memset.o)
 .ARM.attributes
                0x00000618       0x2d f:/uni/gcc_arn_none_eabi_10_3_2021_10/bin/../lib/gcc/arm-none-eabi/10.3.1/../../../../arm-none-eabi/lib/thumb/v7-m/nofp\libg.a(lib_a-__call_atexit.o)
 .ARM.attributes
                0x00000645       0x2d f:/uni/gcc_arn_none_eabi_10_3_2021_10/bin/../lib/gcc/arm-none-eabi/10.3.1/../../../../arm-none-eabi/lib/thumb/v7-m/nofp\libg.a(lib_a-atexit.o)
 .ARM.attributes
                0x00000672       0x2d f:/uni/gcc_arn_none_eabi_10_3_2021_10/bin/../lib/gcc/arm-none-eabi/10.3.1/../../../../arm-none-eabi/lib/thumb/v7-m/nofp\libg.a(lib_a-fini.o)
 .ARM.attributes
                0x0000069f       0x2d f:/uni/gcc_arn_none_eabi_10_3_2021_10/bin/../lib/gcc/arm-none-eabi/10.3.1/../../../../arm-none-eabi/lib/thumb/v7-m/nofp\libg.a(lib_a-lock.o)
 .ARM.attributes
                0x000006cc       0x2d f:/uni/gcc_arn_none_eabi_10_3_2021_10/bin/../lib/gcc/arm-none-eabi/10.3.1/../../../../arm-none-eabi/lib/thumb/v7-m/nofp\libg.a(lib_a-__atexit.o)
 .ARM.attributes
                0x000006f9       0x1d f:/uni/gcc_arn_none_eabi_10_3_2021_10/bin/../lib/gcc/arm-none-eabi/10.3.1/thumb/v7-m/nofp/crtn.o
OUTPUT(build/main_stm32.elf elf32-littlearm)
LOAD linker stubs
LOAD f:/uni/gcc_arn_none_eabi_10_3_2021_10/bin/../lib/gcc/arm-none-eabi/10.3.1/../../../../arm-none-eabi/lib/thumb/v7-m/nofp\libc.a
LOAD f:/uni/gcc_arn_none_eabi_10_3_2021_10/bin/../lib/gcc/arm-none-eabi/10.3.1/../../../../arm-none-eabi/lib/thumb/v7-m/nofp\libm.a
LOAD f:/uni/gcc_arn_none_eabi_10_3_2021_10/bin/../lib/gcc/arm-none-eabi/10.3.1/thumb/v7-m/nofp\libgcc.a

.debug_info     0x00000000    0x1400d
 .debug_info    0x00000000      0x226 C:\Users\velin\AppData\Local\Temp\cc1MBbEJ.o
 .debug_info    0x00000226      0x645 C:\Users\velin\AppData\Local\Temp\ccBTThRl.o
 .debug_info    0x0000086b      0x460 C:\Users\velin\AppData\Local\Temp\ccxt9rR6.o
 .debug_info    0x00000ccb      0x119 C:\Users\velin\AppData\Local\Temp\ccVhj5f0.o
 .debug_info    0x00000de4      0x615 C:\Users\velin\AppData\Local\Temp\ccFBvQsY.o
 .debug_info    0x000013f9      0x121 C:\Users\velin\AppData\Local\Temp\ccL8KO92.o
 .debug_info    0x0000151a      0x4be C:\Users\velin\AppData\Local\Temp\ccGnk6T9.o
 .debug_info    0x000019d8      0x2d8 C:\Users\velin\AppData\Local\Temp\ccpSGXWl.o
 .debug_info    0x00001cb0      0x9dc C:\Users\velin\AppData\Local\Temp\ccgvnqoL.o
 .debug_info    0x0000268c      0x2b8 C:\Users\velin\AppData\Local\Temp\ccXC0JQg.o
 .debug_info    0x00002944      0x245 C:\Users\velin\AppData\Local\Temp\cc6EjUAS.o
 .debug_info    0x00002b89      0x354 C:\Users\velin\AppData\Local\Temp\ccFKRwsH.o
 .debug_info    0x00002edd     0x1358 C:\Users\velin\AppData\Local\Temp\ccusTwkE.o
 .debug_info    0x00004235      0xd61 C:\Users\velin\AppData\Local\Temp\cc5ytKIK.o
 .debug_info    0x00004f96      0xbc0 C:\Users\velin\AppData\Local\Temp\cchwDNOS.o
 .debug_info    0x00005b56      0x215 C:\Users\velin\AppData\Local\Temp\ccd4Wpox.o
 .debug_info    0x00005d6b      0x368 C:\Users\velin\AppData\Local\Temp\cclfn7I5.o
 .debug_info    0x000060d3      0x7ac C:\Users\velin\AppData\Local\Temp\cc34wGEN.o
 .debug_info    0x0000687f      0x673 C:\Users\velin\AppData\Local\Temp\ccPCGwkE.o
 .debug_info    0x00006ef2     0x3d80 C:\Users\velin\AppData\Local\Temp\ccQrdAwK.o
 .debug_info    0x0000ac72      0xa3f C:\Users\velin\AppData\Local\Temp\cc5tJtq1.o
 .debug_info    0x0000b6b1      0xd8e C:\Users\velin\AppData\Local\Temp\ccyB6kHv.o
 .debug_info    0x0000c43f      0xf43 C:\Users\velin\AppData\Local\Temp\cch1eKga.o
 .debug_info    0x0000d382     0x4119 C:\Users\velin\AppData\Local\Temp\ccessjd9.o
 .debug_info    0x0001149b     0x1abf C:\Users\velin\AppData\Local\Temp\ccaIk1bd.o
 .debug_info    0x00012f5a      0xc44 C:\Users\velin\AppData\Local\Temp\ccqoUdzU.o
 .debug_info    0x00013b9e      0x44d C:\Users\velin\AppData\Local\Temp\cciqQAYu.o
 .debug_info    0x00013feb       0x22 C:\Users\velin\AppData\Local\Temp\ccUTs0Ia.o

.debug_abbrev   0x00000000     0x3009
 .debug_abbrev  0x00000000       0x61 C:\Users\velin\AppData\Local\Temp\cc1MBbEJ.o
 .debug_abbrev  0x00000061      0x204 C:\Users\velin\AppData\Local\Temp\ccBTThRl.o
 .debug_abbrev  0x00000265       0xf7 C:\Users\velin\AppData\Local\Temp\ccxt9rR6.o
 .debug_abbrev  0x0000035c       0x99 C:\Users\velin\AppData\Local\Temp\ccVhj5f0.o
 .debug_abbrev  0x000003f5      0x1bd C:\Users\velin\AppData\Local\Temp\ccFBvQsY.o
 .debug_abbrev  0x000005b2       0xe4 C:\Users\velin\AppData\Local\Temp\ccL8KO92.o
 .debug_abbrev  0x00000696      0x13c C:\Users\velin\AppData\Local\Temp\ccGnk6T9.o
 .debug_abbrev  0x000007d2      0x1b8 C:\Users\velin\AppData\Local\Temp\ccpSGXWl.o
 .debug_abbrev  0x0000098a      0x1de C:\Users\velin\AppData\Local\Temp\ccgvnqoL.o
 .debug_abbrev  0x00000b68      0x116 C:\Users\velin\AppData\Local\Temp\ccXC0JQg.o
 .debug_abbrev  0x00000c7e      0x141 C:\Users\velin\AppData\Local\Temp\cc6EjUAS.o
 .debug_abbrev  0x00000dbf      0x215 C:\Users\velin\AppData\Local\Temp\ccFKRwsH.o
 .debug_abbrev  0x00000fd4      0x26e C:\Users\velin\AppData\Local\Temp\ccusTwkE.o
 .debug_abbrev  0x00001242      0x230 C:\Users\velin\AppData\Local\Temp\cc5ytKIK.o
 .debug_abbrev  0x00001472      0x211 C:\Users\velin\AppData\Local\Temp\cchwDNOS.o
 .debug_abbrev  0x00001683       0xe8 C:\Users\velin\AppData\Local\Temp\ccd4Wpox.o
 .debug_abbrev  0x0000176b      0x159 C:\Users\velin\AppData\Local\Temp\cclfn7I5.o
 .debug_abbrev  0x000018c4      0x1f7 C:\Users\velin\AppData\Local\Temp\cc34wGEN.o
 .debug_abbrev  0x00001abb      0x1e9 C:\Users\velin\AppData\Local\Temp\ccPCGwkE.o
 .debug_abbrev  0x00001ca4      0x248 C:\Users\velin\AppData\Local\Temp\ccQrdAwK.o
 .debug_abbrev  0x00001eec      0x27d C:\Users\velin\AppData\Local\Temp\cc5tJtq1.o
 .debug_abbrev  0x00002169      0x344 C:\Users\velin\AppData\Local\Temp\ccyB6kHv.o
 .debug_abbrev  0x000024ad      0x1ff C:\Users\velin\AppData\Local\Temp\cch1eKga.o
 .debug_abbrev  0x000026ac      0x2e0 C:\Users\velin\AppData\Local\Temp\ccessjd9.o
 .debug_abbrev  0x0000298c      0x24b C:\Users\velin\AppData\Local\Temp\ccaIk1bd.o
 .debug_abbrev  0x00002bd7      0x24b C:\Users\velin\AppData\Local\Temp\ccqoUdzU.o
 .debug_abbrev  0x00002e22      0x1d5 C:\Users\velin\AppData\Local\Temp\cciqQAYu.o
 .debug_abbrev  0x00002ff7       0x12 C:\Users\velin\AppData\Local\Temp\ccUTs0Ia.o

.debug_aranges  0x00000000      0xf40
 .debug_aranges
                0x00000000       0x18 C:\Users\velin\AppData\Local\Temp\cc1MBbEJ.o
 .debug_aranges
                0x00000018       0x60 C:\Users\velin\AppData\Local\Temp\ccBTThRl.o
 .debug_aranges
                0x00000078       0x60 C:\Users\velin\AppData\Local\Temp\ccxt9rR6.o
 .debug_aranges
                0x000000d8       0x20 C:\Users\velin\AppData\Local\Temp\ccVhj5f0.o
 .debug_aranges
                0x000000f8       0x50 C:\Users\velin\AppData\Local\Temp\ccFBvQsY.o
 .debug_aranges
                0x00000148       0x28 C:\Users\velin\AppData\Local\Temp\ccL8KO92.o
 .debug_aranges
                0x00000170       0x20 C:\Users\velin\AppData\Local\Temp\ccGnk6T9.o
 .debug_aranges
                0x00000190       0x28 C:\Users\velin\AppData\Local\Temp\ccpSGXWl.o
 .debug_aranges
                0x000001b8       0x48 C:\Users\velin\AppData\Local\Temp\ccgvnqoL.o
 .debug_aranges
                0x00000200       0x28 C:\Users\velin\AppData\Local\Temp\ccXC0JQg.o
 .debug_aranges
                0x00000228       0x28 C:\Users\velin\AppData\Local\Temp\cc6EjUAS.o
 .debug_aranges
                0x00000250       0x48 C:\Users\velin\AppData\Local\Temp\ccFKRwsH.o
 .debug_aranges
                0x00000298       0x58 C:\Users\velin\AppData\Local\Temp\ccusTwkE.o
 .debug_aranges
                0x000002f0       0x40 C:\Users\velin\AppData\Local\Temp\cc5ytKIK.o
 .debug_aranges
                0x00000330       0x28 C:\Users\velin\AppData\Local\Temp\cchwDNOS.o
 .debug_aranges
                0x00000358       0x20 C:\Users\velin\AppData\Local\Temp\ccd4Wpox.o
 .debug_aranges
                0x00000378       0x68 C:\Users\velin\AppData\Local\Temp\cclfn7I5.o
 .debug_aranges
                0x000003e0       0xe0 C:\Users\velin\AppData\Local\Temp\cc34wGEN.o
 .debug_aranges
                0x000004c0       0x58 C:\Users\velin\AppData\Local\Temp\ccPCGwkE.o
 .debug_aranges
                0x00000518      0x3d0 C:\Users\velin\AppData\Local\Temp\ccQrdAwK.o
 .debug_aranges
                0x000008e8       0x90 C:\Users\velin\AppData\Local\Temp\cc5tJtq1.o
 .debug_aranges
                0x00000978       0x90 C:\Users\velin\AppData\Local\Temp\ccyB6kHv.o
 .debug_aranges
                0x00000a08       0xf0 C:\Users\velin\AppData\Local\Temp\cch1eKga.o
 .debug_aranges
                0x00000af8      0x208 C:\Users\velin\AppData\Local\Temp\ccessjd9.o
 .debug_aranges
                0x00000d00      0x168 C:\Users\velin\AppData\Local\Temp\ccaIk1bd.o
 .debug_aranges
                0x00000e68       0x80 C:\Users\velin\AppData\Local\Temp\ccqoUdzU.o
 .debug_aranges
                0x00000ee8       0x30 C:\Users\velin\AppData\Local\Temp\cciqQAYu.o
 .debug_aranges
                0x00000f18       0x28 C:\Users\velin\AppData\Local\Temp\ccUTs0Ia.o

.debug_macro    0x00000000    0x1aa99
 .debug_macro   0x00000000      0x1e4 C:\Users\velin\AppData\Local\Temp\cc1MBbEJ.o
 .debug_macro   0x000001e4      0xa66 C:\Users\velin\AppData\Local\Temp\cc1MBbEJ.o
 .debug_macro   0x00000c4a       0x22 C:\Users\velin\AppData\Local\Temp\cc1MBbEJ.o
 .debug_macro   0x00000c6c       0x8e C:\Users\velin\AppData\Local\Temp\cc1MBbEJ.o
 .debug_macro   0x00000cfa       0x51 C:\Users\velin\AppData\Local\Temp\cc1MBbEJ.o
 .debug_macro   0x00000d4b      0x103 C:\Users\velin\AppData\Local\Temp\cc1MBbEJ.o
 .debug_macro   0x00000e4e       0x6a C:\Users\velin\AppData\Local\Temp\cc1MBbEJ.o
 .debug_macro   0x00000eb8      0x1df C:\Users\velin\AppData\Local\Temp\cc1MBbEJ.o
 .debug_macro   0x00001097       0x64 C:\Users\velin\AppData\Local\Temp\cc1MBbEJ.o
 .debug_macro   0x000010fb       0x18 C:\Users\velin\AppData\Local\Temp\cc1MBbEJ.o
 .debug_macro   0x00001113       0x35 C:\Users\velin\AppData\Local\Temp\cc1MBbEJ.o
 .debug_macro   0x00001148       0x34 C:\Users\velin\AppData\Local\Temp\cc1MBbEJ.o
 .debug_macro   0x0000117c      0x174 C:\Users\velin\AppData\Local\Temp\cc1MBbEJ.o
 .debug_macro   0x000012f0       0x16 C:\Users\velin\AppData\Local\Temp\cc1MBbEJ.o
 .debug_macro   0x00001306       0x43 C:\Users\velin\AppData\Local\Temp\cc1MBbEJ.o
 .debug_macro   0x00001349       0x34 C:\Users\velin\AppData\Local\Temp\cc1MBbEJ.o
 .debug_macro   0x0000137d       0x10 C:\Users\velin\AppData\Local\Temp\cc1MBbEJ.o
 .debug_macro   0x0000138d       0x58 C:\Users\velin\AppData\Local\Temp\cc1MBbEJ.o
 .debug_macro   0x000013e5      0x182 C:\Users\velin\AppData\Local\Temp\cc1MBbEJ.o
 .debug_macro   0x00001567      0x341 C:\Users\velin\AppData\Local\Temp\cc1MBbEJ.o
 .debug_macro   0x000018a8      0x19b C:\Users\velin\AppData\Local\Temp\cc1MBbEJ.o
 .debug_macro   0x00001a43       0x1c C:\Users\velin\AppData\Local\Temp\cc1MBbEJ.o
 .debug_macro   0x00001a5f       0x35 C:\Users\velin\AppData\Local\Temp\cc1MBbEJ.o
 .debug_macro   0x00001a94       0x10 C:\Users\velin\AppData\Local\Temp\cc1MBbEJ.o
 .debug_macro   0x00001aa4       0x10 C:\Users\velin\AppData\Local\Temp\cc1MBbEJ.o
 .debug_macro   0x00001ab4       0x1c C:\Users\velin\AppData\Local\Temp\cc1MBbEJ.o
 .debug_macro   0x00001ad0       0x52 C:\Users\velin\AppData\Local\Temp\cc1MBbEJ.o
 .debug_macro   0x00001b22       0x22 C:\Users\velin\AppData\Local\Temp\cc1MBbEJ.o
 .debug_macro   0x00001b44       0x10 C:\Users\velin\AppData\Local\Temp\cc1MBbEJ.o
 .debug_macro   0x00001b54       0x52 C:\Users\velin\AppData\Local\Temp\cc1MBbEJ.o
 .debug_macro   0x00001ba6       0xd5 C:\Users\velin\AppData\Local\Temp\cc1MBbEJ.o
 .debug_macro   0x00001c7b       0x1c C:\Users\velin\AppData\Local\Temp\cc1MBbEJ.o
 .debug_macro   0x00001c97       0x3d C:\Users\velin\AppData\Local\Temp\cc1MBbEJ.o
 .debug_macro   0x00001cd4       0x16 C:\Users\velin\AppData\Local\Temp\cc1MBbEJ.o
 .debug_macro   0x00001cea      0x16f C:\Users\velin\AppData\Local\Temp\cc1MBbEJ.o
 .debug_macro   0x00001e59       0xac C:\Users\velin\AppData\Local\Temp\cc1MBbEJ.o
 .debug_macro   0x00001f05      0x36f C:\Users\velin\AppData\Local\Temp\ccBTThRl.o
 .debug_macro   0x00002274       0x22 C:\Users\velin\AppData\Local\Temp\ccBTThRl.o
 .debug_macro   0x00002296      0x21b C:\Users\velin\AppData\Local\Temp\ccBTThRl.o
 .debug_macro   0x000024b1       0x2e C:\Users\velin\AppData\Local\Temp\ccBTThRl.o
 .debug_macro   0x000024df       0x22 C:\Users\velin\AppData\Local\Temp\ccBTThRl.o
 .debug_macro   0x00002501       0x1c C:\Users\velin\AppData\Local\Temp\ccBTThRl.o
 .debug_macro   0x0000251d       0x22 C:\Users\velin\AppData\Local\Temp\ccBTThRl.o
 .debug_macro   0x0000253f       0xbd C:\Users\velin\AppData\Local\Temp\ccBTThRl.o
 .debug_macro   0x000025fc      0xd23 C:\Users\velin\AppData\Local\Temp\ccBTThRl.o
 .debug_macro   0x0000331f     0xe09e C:\Users\velin\AppData\Local\Temp\ccBTThRl.o
 .debug_macro   0x000113bd       0x6d C:\Users\velin\AppData\Local\Temp\ccBTThRl.o
 .debug_macro   0x0001142a     0x34a2 C:\Users\velin\AppData\Local\Temp\ccBTThRl.o
 .debug_macro   0x000148cc       0x56 C:\Users\velin\AppData\Local\Temp\ccBTThRl.o
 .debug_macro   0x00014922      0x5bc C:\Users\velin\AppData\Local\Temp\ccBTThRl.o
 .debug_macro   0x00014ede      0x289 C:\Users\velin\AppData\Local\Temp\ccBTThRl.o
 .debug_macro   0x00015167      0x1cb C:\Users\velin\AppData\Local\Temp\ccBTThRl.o
 .debug_macro   0x00015332      0x114 C:\Users\velin\AppData\Local\Temp\ccBTThRl.o
 .debug_macro   0x00015446      0x1b2 C:\Users\velin\AppData\Local\Temp\ccBTThRl.o
 .debug_macro   0x000155f8       0x27 C:\Users\velin\AppData\Local\Temp\ccBTThRl.o
 .debug_macro   0x0001561f      0x136 C:\Users\velin\AppData\Local\Temp\ccBTThRl.o
 .debug_macro   0x00015755      0x1bc C:\Users\velin\AppData\Local\Temp\ccBTThRl.o
 .debug_macro   0x00015911       0x34 C:\Users\velin\AppData\Local\Temp\ccBTThRl.o
 .debug_macro   0x00015945       0x3c C:\Users\velin\AppData\Local\Temp\ccBTThRl.o
 .debug_macro   0x00015981       0x57 C:\Users\velin\AppData\Local\Temp\ccBTThRl.o
 .debug_macro   0x000159d8      0x46a C:\Users\velin\AppData\Local\Temp\ccBTThRl.o
 .debug_macro   0x00015e42      0x1b5 C:\Users\velin\AppData\Local\Temp\ccBTThRl.o
 .debug_macro   0x00015ff7       0x87 C:\Users\velin\AppData\Local\Temp\ccBTThRl.o
 .debug_macro   0x0001607e      0x240 C:\Users\velin\AppData\Local\Temp\ccBTThRl.o
 .debug_macro   0x000162be      0x140 C:\Users\velin\AppData\Local\Temp\ccBTThRl.o
 .debug_macro   0x000163fe      0x8ed C:\Users\velin\AppData\Local\Temp\ccBTThRl.o
 .debug_macro   0x00016ceb      0x28e C:\Users\velin\AppData\Local\Temp\ccBTThRl.o
 .debug_macro   0x00016f79       0x83 C:\Users\velin\AppData\Local\Temp\ccBTThRl.o
 .debug_macro   0x00016ffc      0x35d C:\Users\velin\AppData\Local\Temp\ccxt9rR6.o
 .debug_macro   0x00017359       0x16 C:\Users\velin\AppData\Local\Temp\ccxt9rR6.o
 .debug_macro   0x0001736f       0x97 C:\Users\velin\AppData\Local\Temp\ccxt9rR6.o
 .debug_macro   0x00017406       0xfd C:\Users\velin\AppData\Local\Temp\ccxt9rR6.o
 .debug_macro   0x00017503       0x16 C:\Users\velin\AppData\Local\Temp\ccxt9rR6.o
 .debug_macro   0x00017519      0x1e4 C:\Users\velin\AppData\Local\Temp\ccVhj5f0.o
 .debug_macro   0x000176fd      0x232 C:\Users\velin\AppData\Local\Temp\ccFBvQsY.o
 .debug_macro   0x0001792f       0x10 C:\Users\velin\AppData\Local\Temp\ccFBvQsY.o
 .debug_macro   0x0001793f       0x22 C:\Users\velin\AppData\Local\Temp\ccFBvQsY.o
 .debug_macro   0x00017961      0x33c C:\Users\velin\AppData\Local\Temp\ccL8KO92.o
 .debug_macro   0x00017c9d       0x10 C:\Users\velin\AppData\Local\Temp\ccL8KO92.o
 .debug_macro   0x00017cad      0x372 C:\Users\velin\AppData\Local\Temp\ccGnk6T9.o
 .debug_macro   0x0001801f      0x1d3 C:\Users\velin\AppData\Local\Temp\ccpSGXWl.o
 .debug_macro   0x000181f2       0x5c C:\Users\velin\AppData\Local\Temp\ccpSGXWl.o
 .debug_macro   0x0001824e      0x354 C:\Users\velin\AppData\Local\Temp\ccgvnqoL.o
 .debug_macro   0x000185a2       0x16 C:\Users\velin\AppData\Local\Temp\ccgvnqoL.o
 .debug_macro   0x000185b8      0x1bc C:\Users\velin\AppData\Local\Temp\ccXC0JQg.o
 .debug_macro   0x00018774       0xc8 C:\Users\velin\AppData\Local\Temp\cc6EjUAS.o
 .debug_macro   0x0001883c      0x342 C:\Users\velin\AppData\Local\Temp\ccFKRwsH.o
 .debug_macro   0x00018b7e      0x347 C:\Users\velin\AppData\Local\Temp\ccusTwkE.o
 .debug_macro   0x00018ec5      0x355 C:\Users\velin\AppData\Local\Temp\cc5ytKIK.o
 .debug_macro   0x0001921a      0x341 C:\Users\velin\AppData\Local\Temp\cchwDNOS.o
 .debug_macro   0x0001955b      0x1b2 C:\Users\velin\AppData\Local\Temp\ccd4Wpox.o
 .debug_macro   0x0001970d      0x1c6 C:\Users\velin\AppData\Local\Temp\cclfn7I5.o
 .debug_macro   0x000198d3      0x1d6 C:\Users\velin\AppData\Local\Temp\cc34wGEN.o
 .debug_macro   0x00019aa9      0x21d C:\Users\velin\AppData\Local\Temp\ccPCGwkE.o
 .debug_macro   0x00019cc6      0x1b3 C:\Users\velin\AppData\Local\Temp\ccQrdAwK.o
 .debug_macro   0x00019e79      0x1c4 C:\Users\velin\AppData\Local\Temp\cc5tJtq1.o
 .debug_macro   0x0001a03d      0x1b2 C:\Users\velin\AppData\Local\Temp\ccyB6kHv.o
 .debug_macro   0x0001a1ef      0x1cf C:\Users\velin\AppData\Local\Temp\cch1eKga.o
 .debug_macro   0x0001a3be      0x1b3 C:\Users\velin\AppData\Local\Temp\ccessjd9.o
 .debug_macro   0x0001a571      0x1b2 C:\Users\velin\AppData\Local\Temp\ccaIk1bd.o
 .debug_macro   0x0001a723      0x1c4 C:\Users\velin\AppData\Local\Temp\ccqoUdzU.o
 .debug_macro   0x0001a8e7      0x1b2 C:\Users\velin\AppData\Local\Temp\cciqQAYu.o

.debug_line     0x00000000    0x16f9d
 .debug_line    0x00000000      0x2f5 C:\Users\velin\AppData\Local\Temp\cc1MBbEJ.o
 .debug_line    0x000002f5      0x8a2 C:\Users\velin\AppData\Local\Temp\ccBTThRl.o
 .debug_line    0x00000b97      0x8c3 C:\Users\velin\AppData\Local\Temp\ccxt9rR6.o
 .debug_line    0x0000145a      0x344 C:\Users\velin\AppData\Local\Temp\ccVhj5f0.o
 .debug_line    0x0000179e      0x526 C:\Users\velin\AppData\Local\Temp\ccFBvQsY.o
 .debug_line    0x00001cc4      0x658 C:\Users\velin\AppData\Local\Temp\ccL8KO92.o
 .debug_line    0x0000231c      0x7cf C:\Users\velin\AppData\Local\Temp\ccGnk6T9.o
 .debug_line    0x00002aeb      0x61c C:\Users\velin\AppData\Local\Temp\ccpSGXWl.o
 .debug_line    0x00003107      0x841 C:\Users\velin\AppData\Local\Temp\ccgvnqoL.o
 .debug_line    0x00003948      0x524 C:\Users\velin\AppData\Local\Temp\ccXC0JQg.o
 .debug_line    0x00003e6c      0x34f C:\Users\velin\AppData\Local\Temp\cc6EjUAS.o
 .debug_line    0x000041bb      0x745 C:\Users\velin\AppData\Local\Temp\ccFKRwsH.o
 .debug_line    0x00004900      0x9c5 C:\Users\velin\AppData\Local\Temp\ccusTwkE.o
 .debug_line    0x000052c5      0x807 C:\Users\velin\AppData\Local\Temp\cc5ytKIK.o
 .debug_line    0x00005acc      0x772 C:\Users\velin\AppData\Local\Temp\cchwDNOS.o
 .debug_line    0x0000623e      0x4f2 C:\Users\velin\AppData\Local\Temp\ccd4Wpox.o
 .debug_line    0x00006730      0x63d C:\Users\velin\AppData\Local\Temp\cclfn7I5.o
 .debug_line    0x00006d6d      0x812 C:\Users\velin\AppData\Local\Temp\cc34wGEN.o
 .debug_line    0x0000757f      0x914 C:\Users\velin\AppData\Local\Temp\ccPCGwkE.o
 .debug_line    0x00007e93     0x4c60 C:\Users\velin\AppData\Local\Temp\ccQrdAwK.o
 .debug_line    0x0000caf3      0xee8 C:\Users\velin\AppData\Local\Temp\cc5tJtq1.o
 .debug_line    0x0000d9db      0x989 C:\Users\velin\AppData\Local\Temp\ccyB6kHv.o
 .debug_line    0x0000e364     0x119e C:\Users\velin\AppData\Local\Temp\cch1eKga.o
 .debug_line    0x0000f502     0x4555 C:\Users\velin\AppData\Local\Temp\ccessjd9.o
 .debug_line    0x00013a57     0x1ebf C:\Users\velin\AppData\Local\Temp\ccaIk1bd.o
 .debug_line    0x00015916      0xe86 C:\Users\velin\AppData\Local\Temp\ccqoUdzU.o
 .debug_line    0x0001679c      0x78b C:\Users\velin\AppData\Local\Temp\cciqQAYu.o
 .debug_line    0x00016f27       0x76 C:\Users\velin\AppData\Local\Temp\ccUTs0Ia.o

.debug_str      0x00000000    0x90a60
 .debug_str     0x00000000     0x827d C:\Users\velin\AppData\Local\Temp\cc1MBbEJ.o
                               0x847e (size before relaxing)
 .debug_str     0x0000827d    0x841ea C:\Users\velin\AppData\Local\Temp\ccBTThRl.o
                              0x8c74e (size before relaxing)
 .debug_str     0x0008c467      0x23b C:\Users\velin\AppData\Local\Temp\ccxt9rR6.o
                              0x8bf35 (size before relaxing)
 .debug_str     0x0008c6a2       0x48 C:\Users\velin\AppData\Local\Temp\ccVhj5f0.o
                               0x7c33 (size before relaxing)
 .debug_str     0x0008c6ea      0x25e C:\Users\velin\AppData\Local\Temp\ccFBvQsY.o
                               0x8002 (size before relaxing)
 .debug_str     0x0008c948      0x101 C:\Users\velin\AppData\Local\Temp\ccL8KO92.o
                              0x8bc82 (size before relaxing)
 .debug_str     0x0008ca49      0x1a3 C:\Users\velin\AppData\Local\Temp\ccGnk6T9.o
                              0x8be60 (size before relaxing)
 .debug_str     0x0008cbec       0x80 C:\Users\velin\AppData\Local\Temp\ccpSGXWl.o
                              0x8807f (size before relaxing)
 .debug_str     0x0008cc6c      0x5d0 C:\Users\velin\AppData\Local\Temp\ccgvnqoL.o
                              0x8c3c4 (size before relaxing)
 .debug_str     0x0008d23c       0x2e C:\Users\velin\AppData\Local\Temp\ccXC0JQg.o
                              0x87fac (size before relaxing)
 .debug_str     0x0008d26a       0x6a C:\Users\velin\AppData\Local\Temp\cc6EjUAS.o
                              0x5458f (size before relaxing)
 .debug_str     0x0008d2d4       0x95 C:\Users\velin\AppData\Local\Temp\ccFKRwsH.o
                              0x8bd7d (size before relaxing)
 .debug_str     0x0008d369      0x738 C:\Users\velin\AppData\Local\Temp\ccusTwkE.o
                              0x8c97f (size before relaxing)
 .debug_str     0x0008daa1      0x2a7 C:\Users\velin\AppData\Local\Temp\cc5ytKIK.o
                              0x8c64f (size before relaxing)
 .debug_str     0x0008dd48       0xbd C:\Users\velin\AppData\Local\Temp\cchwDNOS.o
                              0x8c4cc (size before relaxing)
 .debug_str     0x0008de05       0x2e C:\Users\velin\AppData\Local\Temp\ccd4Wpox.o
                              0x87f4f (size before relaxing)
 .debug_str     0x0008de33      0x117 C:\Users\velin\AppData\Local\Temp\cclfn7I5.o
                              0x880e7 (size before relaxing)
 .debug_str     0x0008df4a      0x36f C:\Users\velin\AppData\Local\Temp\cc34wGEN.o
                              0x886ae (size before relaxing)
 .debug_str     0x0008e2b9      0x2bc C:\Users\velin\AppData\Local\Temp\ccPCGwkE.o
                              0x8830b (size before relaxing)
 .debug_str     0x0008e575      0xe14 C:\Users\velin\AppData\Local\Temp\ccQrdAwK.o
                              0x89380 (size before relaxing)
 .debug_str     0x0008f389      0x22c C:\Users\velin\AppData\Local\Temp\cc5tJtq1.o
                              0x883b4 (size before relaxing)
 .debug_str     0x0008f5b5      0x29b C:\Users\velin\AppData\Local\Temp\ccyB6kHv.o
                              0x88604 (size before relaxing)
 .debug_str     0x0008f850      0x37f C:\Users\velin\AppData\Local\Temp\cch1eKga.o
                              0x88669 (size before relaxing)
 .debug_str     0x0008fbcf      0x63c C:\Users\velin\AppData\Local\Temp\ccessjd9.o
                              0x88a25 (size before relaxing)
 .debug_str     0x0009020b      0x45d C:\Users\velin\AppData\Local\Temp\ccaIk1bd.o
                              0x88b71 (size before relaxing)
 .debug_str     0x00090668      0x2bf C:\Users\velin\AppData\Local\Temp\ccqoUdzU.o
                              0x88620 (size before relaxing)
 .debug_str     0x00090927      0x113 C:\Users\velin\AppData\Local\Temp\cciqQAYu.o
                              0x88104 (size before relaxing)
 .debug_str     0x00090a3a       0x26 C:\Users\velin\AppData\Local\Temp\ccUTs0Ia.o
                                 0x47 (size before relaxing)

.comment        0x00000000       0x49
 .comment       0x00000000       0x49 C:\Users\velin\AppData\Local\Temp\cc1MBbEJ.o
                                 0x4a (size before relaxing)
 .comment       0x00000049       0x4a C:\Users\velin\AppData\Local\Temp\ccBTThRl.o
 .comment       0x00000049       0x4a C:\Users\velin\AppData\Local\Temp\ccxt9rR6.o
 .comment       0x00000049       0x4a C:\Users\velin\AppData\Local\Temp\ccVhj5f0.o
 .comment       0x00000049       0x4a C:\Users\velin\AppData\Local\Temp\ccFBvQsY.o
 .comment       0x00000049       0x4a C:\Users\velin\AppData\Local\Temp\ccL8KO92.o
 .comment       0x00000049       0x4a C:\Users\velin\AppData\Local\Temp\ccGnk6T9.o
 .comment       0x00000049       0x4a C:\Users\velin\AppData\Local\Temp\ccpSGXWl.o
 .comment       0x00000049       0x4a C:\Users\velin\AppData\Local\Temp\ccgvnqoL.o
 .comment       0x00000049       0x4a C:\Users\velin\AppData\Local\Temp\ccXC0JQg.o
 .comment       0x00000049       0x4a C:\Users\velin\AppData\Local\Temp\cc6EjUAS.o
 .comment       0x00000049       0x4a C:\Users\velin\AppData\Local\Temp\ccFKRwsH.o
 .comment       0x00000049       0x4a C:\Users\velin\AppData\Local\Temp\ccusTwkE.o
 .comment       0x00000049       0x4a C:\Users\velin\AppData\Local\Temp\cc5ytKIK.o
 .comment       0x00000049       0x4a C:\Users\velin\AppData\Local\Temp\cchwDNOS.o
 .comment       0x00000049       0x4a C:\Users\velin\AppData\Local\Temp\ccd4Wpox.o
 .comment       0x00000049       0x4a C:\Users\velin\AppData\Local\Temp\cclfn7I5.o
 .comment       0x00000049       0x4a C:\Users\velin\AppData\Local\Temp\cc34wGEN.o
 .comment       0x00000049       0x4a C:\Users\velin\AppData\Local\Temp\ccPCGwkE.o
 .comment       0x00000049       0x4a C:\Users\velin\AppData\Local\Temp\ccQrdAwK.o
 .comment       0x00000049       0x4a C:\Users\velin\AppData\Local\Temp\cc5tJtq1.o
 .comment       0x00000049       0x4a C:\Users\velin\AppData\Local\Temp\ccyB6kHv.o
 .comment       0x00000049       0x4a C:\Users\velin\AppData\Local\Temp\cch1eKga.o
 .comment       0x00000049       0x4a C:\Users\velin\AppData\Local\Temp\ccessjd9.o
 .comment       0x00000049       0x4a C:\Users\velin\AppData\Local\Temp\ccaIk1bd.o
 .comment       0x00000049       0x4a C:\Users\velin\AppData\Local\Temp\ccqoUdzU.o
 .comment       0x00000049       0x4a C:\Users\velin\AppData\Local\Temp\cciqQAYu.o

.debug_loc      0x00000000     0xe6c6
 .debug_loc     0x00000000      0x278 C:\Users\velin\AppData\Local\Temp\ccBTThRl.o
 .debug_loc     0x00000278       0xbd C:\Users\velin\AppData\Local\Temp\ccFBvQsY.o
 .debug_loc     0x00000335       0x15 C:\Users\velin\AppData\Local\Temp\ccL8KO92.o
 .debug_loc     0x0000034a       0xbe C:\Users\velin\AppData\Local\Temp\ccGnk6T9.o
 .debug_loc     0x00000408       0xdf C:\Users\velin\AppData\Local\Temp\ccpSGXWl.o
 .debug_loc     0x000004e7       0x25 C:\Users\velin\AppData\Local\Temp\ccgvnqoL.o
 .debug_loc     0x0000050c       0xff C:\Users\velin\AppData\Local\Temp\cc6EjUAS.o
 .debug_loc     0x0000060b       0x7e C:\Users\velin\AppData\Local\Temp\ccFKRwsH.o
 .debug_loc     0x00000689       0x71 C:\Users\velin\AppData\Local\Temp\ccusTwkE.o
 .debug_loc     0x000006fa       0xd0 C:\Users\velin\AppData\Local\Temp\cc5ytKIK.o
 .debug_loc     0x000007ca       0x2a C:\Users\velin\AppData\Local\Temp\cchwDNOS.o
 .debug_loc     0x000007f4       0x15 C:\Users\velin\AppData\Local\Temp\ccd4Wpox.o
 .debug_loc     0x00000809       0x15 C:\Users\velin\AppData\Local\Temp\cclfn7I5.o
 .debug_loc     0x0000081e      0x141 C:\Users\velin\AppData\Local\Temp\cc34wGEN.o
 .debug_loc     0x0000095f      0x47d C:\Users\velin\AppData\Local\Temp\ccPCGwkE.o
 .debug_loc     0x00000ddc     0x5124 C:\Users\velin\AppData\Local\Temp\ccQrdAwK.o
 .debug_loc     0x00005f00      0x618 C:\Users\velin\AppData\Local\Temp\cc5tJtq1.o
 .debug_loc     0x00006518      0x71f C:\Users\velin\AppData\Local\Temp\ccyB6kHv.o
 .debug_loc     0x00006c37      0xb03 C:\Users\velin\AppData\Local\Temp\cch1eKga.o
 .debug_loc     0x0000773a     0x46bb C:\Users\velin\AppData\Local\Temp\ccessjd9.o
 .debug_loc     0x0000bdf5     0x1c93 C:\Users\velin\AppData\Local\Temp\ccaIk1bd.o
 .debug_loc     0x0000da88      0x801 C:\Users\velin\AppData\Local\Temp\ccqoUdzU.o
 .debug_loc     0x0000e289      0x43d C:\Users\velin\AppData\Local\Temp\cciqQAYu.o

.debug_ranges   0x00000000      0xe60
 .debug_ranges  0x00000000       0x50 C:\Users\velin\AppData\Local\Temp\ccBTThRl.o
 .debug_ranges  0x00000050       0x50 C:\Users\velin\AppData\Local\Temp\ccxt9rR6.o
 .debug_ranges  0x000000a0       0x10 C:\Users\velin\AppData\Local\Temp\ccVhj5f0.o
 .debug_ranges  0x000000b0       0x40 C:\Users\velin\AppData\Local\Temp\ccFBvQsY.o
 .debug_ranges  0x000000f0       0x18 C:\Users\velin\AppData\Local\Temp\ccL8KO92.o
 .debug_ranges  0x00000108       0x28 C:\Users\velin\AppData\Local\Temp\ccGnk6T9.o
 .debug_ranges  0x00000130       0x30 C:\Users\velin\AppData\Local\Temp\ccpSGXWl.o
 .debug_ranges  0x00000160       0x38 C:\Users\velin\AppData\Local\Temp\ccgvnqoL.o
 .debug_ranges  0x00000198       0x18 C:\Users\velin\AppData\Local\Temp\ccXC0JQg.o
 .debug_ranges  0x000001b0       0x18 C:\Users\velin\AppData\Local\Temp\cc6EjUAS.o
 .debug_ranges  0x000001c8       0x38 C:\Users\velin\AppData\Local\Temp\ccFKRwsH.o
 .debug_ranges  0x00000200       0x48 C:\Users\velin\AppData\Local\Temp\ccusTwkE.o
 .debug_ranges  0x00000248       0x30 C:\Users\velin\AppData\Local\Temp\cc5ytKIK.o
 .debug_ranges  0x00000278       0x18 C:\Users\velin\AppData\Local\Temp\cchwDNOS.o
 .debug_ranges  0x00000290       0x10 C:\Users\velin\AppData\Local\Temp\ccd4Wpox.o
 .debug_ranges  0x000002a0       0x58 C:\Users\velin\AppData\Local\Temp\cclfn7I5.o
 .debug_ranges  0x000002f8       0xd0 C:\Users\velin\AppData\Local\Temp\cc34wGEN.o
 .debug_ranges  0x000003c8       0x48 C:\Users\velin\AppData\Local\Temp\ccPCGwkE.o
 .debug_ranges  0x00000410      0x3c0 C:\Users\velin\AppData\Local\Temp\ccQrdAwK.o
 .debug_ranges  0x000007d0       0xa0 C:\Users\velin\AppData\Local\Temp\cc5tJtq1.o
 .debug_ranges  0x00000870       0xe0 C:\Users\velin\AppData\Local\Temp\ccyB6kHv.o
 .debug_ranges  0x00000950       0xe0 C:\Users\velin\AppData\Local\Temp\cch1eKga.o
 .debug_ranges  0x00000a30      0x210 C:\Users\velin\AppData\Local\Temp\ccessjd9.o
 .debug_ranges  0x00000c40      0x158 C:\Users\velin\AppData\Local\Temp\ccaIk1bd.o
 .debug_ranges  0x00000d98       0x70 C:\Users\velin\AppData\Local\Temp\ccqoUdzU.o
 .debug_ranges  0x00000e08       0x38 C:\Users\velin\AppData\Local\Temp\cciqQAYu.o
 .debug_ranges  0x00000e40       0x20 C:\Users\velin\AppData\Local\Temp\ccUTs0Ia.o

.debug_frame    0x00000000     0x28a0
 .debug_frame   0x00000000       0xcc C:\Users\velin\AppData\Local\Temp\ccBTThRl.o
 .debug_frame   0x000000cc       0xd0 C:\Users\velin\AppData\Local\Temp\ccxt9rR6.o
 .debug_frame   0x0000019c       0x20 C:\Users\velin\AppData\Local\Temp\ccVhj5f0.o
 .debug_frame   0x000001bc       0x9c C:\Users\velin\AppData\Local\Temp\ccFBvQsY.o
 .debug_frame   0x00000258       0x38 C:\Users\velin\AppData\Local\Temp\ccL8KO92.o
 .debug_frame   0x00000290       0x2c C:\Users\velin\AppData\Local\Temp\ccGnk6T9.o
 .debug_frame   0x000002bc       0x3c C:\Users\velin\AppData\Local\Temp\ccpSGXWl.o
 .debug_frame   0x000002f8       0xa4 C:\Users\velin\AppData\Local\Temp\ccgvnqoL.o
 .debug_frame   0x0000039c       0x44 C:\Users\velin\AppData\Local\Temp\ccXC0JQg.o
 .debug_frame   0x000003e0       0x30 C:\Users\velin\AppData\Local\Temp\cc6EjUAS.o
 .debug_frame   0x00000410       0x80 C:\Users\velin\AppData\Local\Temp\ccFKRwsH.o
 .debug_frame   0x00000490       0xcc C:\Users\velin\AppData\Local\Temp\ccusTwkE.o
 .debug_frame   0x0000055c       0x8c C:\Users\velin\AppData\Local\Temp\cc5ytKIK.o
 .debug_frame   0x000005e8       0x54 C:\Users\velin\AppData\Local\Temp\cchwDNOS.o
 .debug_frame   0x0000063c       0x28 C:\Users\velin\AppData\Local\Temp\ccd4Wpox.o
 .debug_frame   0x00000664       0xc4 C:\Users\velin\AppData\Local\Temp\cclfn7I5.o
 .debug_frame   0x00000728      0x1cc C:\Users\velin\AppData\Local\Temp\cc34wGEN.o
 .debug_frame   0x000008f4       0xe4 C:\Users\velin\AppData\Local\Temp\ccPCGwkE.o
 .debug_frame   0x000009d8      0xb1c C:\Users\velin\AppData\Local\Temp\ccQrdAwK.o
 .debug_frame   0x000014f4      0x184 C:\Users\velin\AppData\Local\Temp\cc5tJtq1.o
 .debug_frame   0x00001678      0x118 C:\Users\velin\AppData\Local\Temp\ccyB6kHv.o
 .debug_frame   0x00001790      0x2c8 C:\Users\velin\AppData\Local\Temp\cch1eKga.o
 .debug_frame   0x00001a58      0x5e0 C:\Users\velin\AppData\Local\Temp\ccessjd9.o
 .debug_frame   0x00002038      0x40c C:\Users\velin\AppData\Local\Temp\ccaIk1bd.o
 .debug_frame   0x00002444      0x19c C:\Users\velin\AppData\Local\Temp\ccqoUdzU.o
 .debug_frame   0x000025e0       0x5c C:\Users\velin\AppData\Local\Temp\cciqQAYu.o
 .debug_frame   0x0000263c       0x44 f:/uni/gcc_arn_none_eabi_10_3_2021_10/bin/../lib/gcc/arm-none-eabi/10.3.1/thumb/v7-m/nofp\libgcc.a(_aeabi_ldivmod.o)
 .debug_frame   0x00002680       0x34 f:/uni/gcc_arn_none_eabi_10_3_2021_10/bin/../lib/gcc/arm-none-eabi/10.3.1/thumb/v7-m/nofp\libgcc.a(_udivmoddi4.o)
 .debug_frame   0x000026b4       0x2c f:/uni/gcc_arn_none_eabi_10_3_2021_10/bin/../lib/gcc/arm-none-eabi/10.3.1/../../../../arm-none-eabi/lib/thumb/v7-m/nofp\libg.a(lib_a-init.o)
 .debug_frame   0x000026e0       0x2c f:/uni/gcc_arn_none_eabi_10_3_2021_10/bin/../lib/gcc/arm-none-eabi/10.3.1/../../../../arm-none-eabi/lib/thumb/v7-m/nofp\libg.a(lib_a-memset.o)
 .debug_frame   0x0000270c       0x5c f:/uni/gcc_arn_none_eabi_10_3_2021_10/bin/../lib/gcc/arm-none-eabi/10.3.1/../../../../arm-none-eabi/lib/thumb/v7-m/nofp\libg.a(lib_a-__call_atexit.o)
 .debug_frame   0x00002768       0x20 f:/uni/gcc_arn_none_eabi_10_3_2021_10/bin/../lib/gcc/arm-none-eabi/10.3.1/../../../../arm-none-eabi/lib/thumb/v7-m/nofp\libg.a(lib_a-atexit.o)
 .debug_frame   0x00002788       0x34 f:/uni/gcc_arn_none_eabi_10_3_2021_10/bin/../lib/gcc/arm-none-eabi/10.3.1/../../../../arm-none-eabi/lib/thumb/v7-m/nofp\libg.a(lib_a-fini.o)
 .debug_frame   0x000027bc       0xb0 f:/uni/gcc_arn_none_eabi_10_3_2021_10/bin/../lib/gcc/arm-none-eabi/10.3.1/../../../../arm-none-eabi/lib/thumb/v7-m/nofp\libg.a(lib_a-lock.o)
 .debug_frame   0x0000286c       0x34 f:/uni/gcc_arn_none_eabi_10_3_2021_10/bin/../lib/gcc/arm-none-eabi/10.3.1/../../../../arm-none-eabi/lib/thumb/v7-m/nofp\libg.a(lib_a-__atexit.o)
